Archive member included to satisfy reference by file (symbol)

c:/program files (x86)/atmel/studio/7.0/toolchain/avr8/avr8-gnu-toolchain/bin/../lib/gcc/avr/4.9.2/../../../../avr/lib/avr5\libm.a(addsf3.o)
                              HAL/DISPLAY/LCD/LCD_Program.o (__subsf3)
c:/program files (x86)/atmel/studio/7.0/toolchain/avr8/avr8-gnu-toolchain/bin/../lib/gcc/avr/4.9.2/../../../../avr/lib/avr5\libm.a(addsf3x.o)
                              c:/program files (x86)/atmel/studio/7.0/toolchain/avr8/avr8-gnu-toolchain/bin/../lib/gcc/avr/4.9.2/../../../../avr/lib/avr5\libm.a(addsf3.o) (__addsf3x)
c:/program files (x86)/atmel/studio/7.0/toolchain/avr8/avr8-gnu-toolchain/bin/../lib/gcc/avr/4.9.2/../../../../avr/lib/avr5\libm.a(fixsfsi.o)
                              HAL/DISPLAY/LCD/LCD_Program.o (__fixsfsi)
c:/program files (x86)/atmel/studio/7.0/toolchain/avr8/avr8-gnu-toolchain/bin/../lib/gcc/avr/4.9.2/../../../../avr/lib/avr5\libm.a(fixunssfsi.o)
                              c:/program files (x86)/atmel/studio/7.0/toolchain/avr8/avr8-gnu-toolchain/bin/../lib/gcc/avr/4.9.2/../../../../avr/lib/avr5\libm.a(fixsfsi.o) (__fixunssfsi)
c:/program files (x86)/atmel/studio/7.0/toolchain/avr8/avr8-gnu-toolchain/bin/../lib/gcc/avr/4.9.2/../../../../avr/lib/avr5\libm.a(floatsisf.o)
                              HAL/DISPLAY/LCD/LCD_Program.o (__floatsisf)
c:/program files (x86)/atmel/studio/7.0/toolchain/avr8/avr8-gnu-toolchain/bin/../lib/gcc/avr/4.9.2/../../../../avr/lib/avr5\libm.a(fp_inf.o)
                              c:/program files (x86)/atmel/studio/7.0/toolchain/avr8/avr8-gnu-toolchain/bin/../lib/gcc/avr/4.9.2/../../../../avr/lib/avr5\libm.a(addsf3x.o) (__fp_inf)
c:/program files (x86)/atmel/studio/7.0/toolchain/avr8/avr8-gnu-toolchain/bin/../lib/gcc/avr/4.9.2/../../../../avr/lib/avr5\libm.a(fp_nan.o)
                              c:/program files (x86)/atmel/studio/7.0/toolchain/avr8/avr8-gnu-toolchain/bin/../lib/gcc/avr/4.9.2/../../../../avr/lib/avr5\libm.a(addsf3x.o) (__fp_nan)
c:/program files (x86)/atmel/studio/7.0/toolchain/avr8/avr8-gnu-toolchain/bin/../lib/gcc/avr/4.9.2/../../../../avr/lib/avr5\libm.a(fp_pscA.o)
                              c:/program files (x86)/atmel/studio/7.0/toolchain/avr8/avr8-gnu-toolchain/bin/../lib/gcc/avr/4.9.2/../../../../avr/lib/avr5\libm.a(addsf3x.o) (__fp_pscA)
c:/program files (x86)/atmel/studio/7.0/toolchain/avr8/avr8-gnu-toolchain/bin/../lib/gcc/avr/4.9.2/../../../../avr/lib/avr5\libm.a(fp_pscB.o)
                              c:/program files (x86)/atmel/studio/7.0/toolchain/avr8/avr8-gnu-toolchain/bin/../lib/gcc/avr/4.9.2/../../../../avr/lib/avr5\libm.a(addsf3x.o) (__fp_pscB)
c:/program files (x86)/atmel/studio/7.0/toolchain/avr8/avr8-gnu-toolchain/bin/../lib/gcc/avr/4.9.2/../../../../avr/lib/avr5\libm.a(fp_round.o)
                              c:/program files (x86)/atmel/studio/7.0/toolchain/avr8/avr8-gnu-toolchain/bin/../lib/gcc/avr/4.9.2/../../../../avr/lib/avr5\libm.a(addsf3.o) (__fp_round)
c:/program files (x86)/atmel/studio/7.0/toolchain/avr8/avr8-gnu-toolchain/bin/../lib/gcc/avr/4.9.2/../../../../avr/lib/avr5\libm.a(fp_split3.o)
                              c:/program files (x86)/atmel/studio/7.0/toolchain/avr8/avr8-gnu-toolchain/bin/../lib/gcc/avr/4.9.2/../../../../avr/lib/avr5\libm.a(addsf3x.o) (__fp_split3)
c:/program files (x86)/atmel/studio/7.0/toolchain/avr8/avr8-gnu-toolchain/bin/../lib/gcc/avr/4.9.2/../../../../avr/lib/avr5\libm.a(fp_zero.o)
                              c:/program files (x86)/atmel/studio/7.0/toolchain/avr8/avr8-gnu-toolchain/bin/../lib/gcc/avr/4.9.2/../../../../avr/lib/avr5\libm.a(addsf3x.o) (__fp_zero)
c:/program files (x86)/atmel/studio/7.0/toolchain/avr8/avr8-gnu-toolchain/bin/../lib/gcc/avr/4.9.2/../../../../avr/lib/avr5\libm.a(mulsf3.o)
                              HAL/DISPLAY/LCD/LCD_Program.o (__mulsf3)
c:/program files (x86)/atmel/studio/7.0/toolchain/avr8/avr8-gnu-toolchain/bin/../lib/gcc/avr/4.9.2/../../../../avr/lib/avr5\libm.a(mulsf3x.o)
                              c:/program files (x86)/atmel/studio/7.0/toolchain/avr8/avr8-gnu-toolchain/bin/../lib/gcc/avr/4.9.2/../../../../avr/lib/avr5\libm.a(mulsf3.o) (__mulsf3x)
c:/program files (x86)/atmel/studio/7.0/toolchain/avr8/avr8-gnu-toolchain/bin/../lib/gcc/avr/4.9.2/../../../../avr/lib/avr5\libm.a(pow.o)
                              HAL/DISPLAY/LCD/LCD_Program.o (pow)
c:/program files (x86)/atmel/studio/7.0/toolchain/avr8/avr8-gnu-toolchain/bin/../lib/gcc/avr/4.9.2/../../../../avr/lib/avr5\libm.a(exp.o)
                              c:/program files (x86)/atmel/studio/7.0/toolchain/avr8/avr8-gnu-toolchain/bin/../lib/gcc/avr/4.9.2/../../../../avr/lib/avr5\libm.a(pow.o) (exp)
c:/program files (x86)/atmel/studio/7.0/toolchain/avr8/avr8-gnu-toolchain/bin/../lib/gcc/avr/4.9.2/../../../../avr/lib/avr5\libm.a(fp_powser.o)
                              c:/program files (x86)/atmel/studio/7.0/toolchain/avr8/avr8-gnu-toolchain/bin/../lib/gcc/avr/4.9.2/../../../../avr/lib/avr5\libm.a(exp.o) (__fp_powser)
c:/program files (x86)/atmel/studio/7.0/toolchain/avr8/avr8-gnu-toolchain/bin/../lib/gcc/avr/4.9.2/../../../../avr/lib/avr5\libm.a(inverse.o)
                              c:/program files (x86)/atmel/studio/7.0/toolchain/avr8/avr8-gnu-toolchain/bin/../lib/gcc/avr/4.9.2/../../../../avr/lib/avr5\libm.a(exp.o) (inverse)
c:/program files (x86)/atmel/studio/7.0/toolchain/avr8/avr8-gnu-toolchain/bin/../lib/gcc/avr/4.9.2/../../../../avr/lib/avr5\libm.a(ldexp.o)
                              c:/program files (x86)/atmel/studio/7.0/toolchain/avr8/avr8-gnu-toolchain/bin/../lib/gcc/avr/4.9.2/../../../../avr/lib/avr5\libm.a(exp.o) (ldexp)
c:/program files (x86)/atmel/studio/7.0/toolchain/avr8/avr8-gnu-toolchain/bin/../lib/gcc/avr/4.9.2/../../../../avr/lib/avr5\libm.a(log.o)
                              c:/program files (x86)/atmel/studio/7.0/toolchain/avr8/avr8-gnu-toolchain/bin/../lib/gcc/avr/4.9.2/../../../../avr/lib/avr5\libm.a(pow.o) (log)
c:/program files (x86)/atmel/studio/7.0/toolchain/avr8/avr8-gnu-toolchain/bin/../lib/gcc/avr/4.9.2/../../../../avr/lib/avr5\libm.a(modf.o)
                              c:/program files (x86)/atmel/studio/7.0/toolchain/avr8/avr8-gnu-toolchain/bin/../lib/gcc/avr/4.9.2/../../../../avr/lib/avr5\libm.a(exp.o) (modf)
c:/program files (x86)/atmel/studio/7.0/toolchain/avr8/avr8-gnu-toolchain/bin/../lib/gcc/avr/4.9.2/../../../../avr/lib/avr5\libm.a(divsf3.o)
                              c:/program files (x86)/atmel/studio/7.0/toolchain/avr8/avr8-gnu-toolchain/bin/../lib/gcc/avr/4.9.2/../../../../avr/lib/avr5\libm.a(inverse.o) (__divsf3)
c:/program files (x86)/atmel/studio/7.0/toolchain/avr8/avr8-gnu-toolchain/bin/../lib/gcc/avr/4.9.2/../../../../avr/lib/avr5\libm.a(divsf3x.o)
                              c:/program files (x86)/atmel/studio/7.0/toolchain/avr8/avr8-gnu-toolchain/bin/../lib/gcc/avr/4.9.2/../../../../avr/lib/avr5\libm.a(divsf3.o) (__divsf3x)
c:/program files (x86)/atmel/studio/7.0/toolchain/avr8/avr8-gnu-toolchain/bin/../lib/gcc/avr/4.9.2/../../../../avr/lib/avr5\libm.a(fp_mpack.o)
                              c:/program files (x86)/atmel/studio/7.0/toolchain/avr8/avr8-gnu-toolchain/bin/../lib/gcc/avr/4.9.2/../../../../avr/lib/avr5\libm.a(ldexp.o) (__fp_mpack)
c:/program files (x86)/atmel/studio/7.0/toolchain/avr8/avr8-gnu-toolchain/bin/../lib/gcc/avr/4.9.2/avr5\libgcc.a(_divmodhi4.o)
                              APP/WaterHeater/WaterHeater_Program.o (__divmodhi4)
c:/program files (x86)/atmel/studio/7.0/toolchain/avr8/avr8-gnu-toolchain/bin/../lib/gcc/avr/4.9.2/avr5\libgcc.a(_udivmodsi4.o)
                              APP/WaterHeater/WaterHeater_Program.o (__udivmodsi4)
c:/program files (x86)/atmel/studio/7.0/toolchain/avr8/avr8-gnu-toolchain/bin/../lib/gcc/avr/4.9.2/avr5\libgcc.a(_exit.o)
                              C:/Program Files (x86)/Atmel/Studio/7.0/Packs/atmel/ATmega_DFP/1.1.130/gcc/dev/atmega32/avr5/crtatmega32.o (exit)
c:/program files (x86)/atmel/studio/7.0/toolchain/avr8/avr8-gnu-toolchain/bin/../lib/gcc/avr/4.9.2/avr5\libgcc.a(_tablejump2.o)
                              MCAL/ADC/ADC_Program.o (__tablejump2__)
c:/program files (x86)/atmel/studio/7.0/toolchain/avr8/avr8-gnu-toolchain/bin/../lib/gcc/avr/4.9.2/avr5\libgcc.a(_copy_data.o)
                              APP/WaterHeater/WaterHeater_Program.o (__do_copy_data)
c:/program files (x86)/atmel/studio/7.0/toolchain/avr8/avr8-gnu-toolchain/bin/../lib/gcc/avr/4.9.2/avr5\libgcc.a(_clear_bss.o)
                              APP/WaterHeater/WaterHeater_Program.o (__do_clear_bss)
c:/program files (x86)/atmel/studio/7.0/toolchain/avr8/avr8-gnu-toolchain/bin/../lib/gcc/avr/4.9.2/avr5\libgcc.a(_umulhisi3.o)
                              APP/WaterHeater/WaterHeater_Program.o (__umulhisi3)
c:/program files (x86)/atmel/studio/7.0/toolchain/avr8/avr8-gnu-toolchain/bin/../lib/gcc/avr/4.9.2/avr5\libgcc.a(_muluhisi3.o)
                              MCAL/TIMER/TIMER0/OVF/Timer0_OVF_Program.o (__muluhisi3)
c:/program files (x86)/atmel/studio/7.0/toolchain/avr8/avr8-gnu-toolchain/bin/../lib/gcc/avr/4.9.2/avr5\libgcc.a(_udivmodhi4.o)
                              c:/program files (x86)/atmel/studio/7.0/toolchain/avr8/avr8-gnu-toolchain/bin/../lib/gcc/avr/4.9.2/avr5\libgcc.a(_divmodhi4.o) (__udivmodhi4)
c:/program files (x86)/atmel/studio/7.0/toolchain/avr8/avr8-gnu-toolchain/bin/../lib/gcc/avr/4.9.2/../../../../avr/lib/avr5\libc.a(ltoa_ncheck.o)
                              HAL/DISPLAY/LCD/LCD_Program.o (__ltoa_ncheck)
c:/program files (x86)/atmel/studio/7.0/toolchain/avr8/avr8-gnu-toolchain/bin/../lib/gcc/avr/4.9.2/../../../../avr/lib/avr5\libc.a(ultoa_ncheck.o)
                              c:/program files (x86)/atmel/studio/7.0/toolchain/avr8/avr8-gnu-toolchain/bin/../lib/gcc/avr/4.9.2/../../../../avr/lib/avr5\libc.a(ltoa_ncheck.o) (__ultoa_common)
c:/program files (x86)/atmel/studio/7.0/toolchain/avr8/avr8-gnu-toolchain/bin/../lib/gcc/avr/4.9.2/../../../../avr/lib/avr5\libc.a(strrev.o)
                              c:/program files (x86)/atmel/studio/7.0/toolchain/avr8/avr8-gnu-toolchain/bin/../lib/gcc/avr/4.9.2/../../../../avr/lib/avr5\libc.a(ultoa_ncheck.o) (strrev)

Discarded input sections

 .data          0x00000000        0x0 C:/Program Files (x86)/Atmel/Studio/7.0/Packs/atmel/ATmega_DFP/1.1.130/gcc/dev/atmega32/avr5/crtatmega32.o
 .bss           0x00000000        0x0 C:/Program Files (x86)/Atmel/Studio/7.0/Packs/atmel/ATmega_DFP/1.1.130/gcc/dev/atmega32/avr5/crtatmega32.o
 .text          0x00000000        0x0 APP/MAIN/Main.o
 .data          0x00000000        0x0 APP/MAIN/Main.o
 .bss           0x00000000        0x0 APP/MAIN/Main.o
 .text          0x00000000        0x0 APP/WaterHeater/WaterHeater_Program.o
 .data          0x00000000        0x0 APP/WaterHeater/WaterHeater_Program.o
 .bss           0x00000000        0x0 APP/WaterHeater/WaterHeater_Program.o
 .text          0x00000000        0x0 HAL/DISPLAY/LCD/LCD_Program.o
 .data          0x00000000        0x0 HAL/DISPLAY/LCD/LCD_Program.o
 .bss           0x00000000        0x0 HAL/DISPLAY/LCD/LCD_Program.o
 .text.reverse  0x00000000       0x2e HAL/DISPLAY/LCD/LCD_Program.o
 .text.intToStr
                0x00000000       0x7c HAL/DISPLAY/LCD/LCD_Program.o
 .text.ftoa     0x00000000       0xd6 HAL/DISPLAY/LCD/LCD_Program.o
 .text.LCD_Clear_Screen
                0x00000000        0x8 HAL/DISPLAY/LCD/LCD_Program.o
 .text.LCD_Write_FloatNumber
                0x00000000       0x3c HAL/DISPLAY/LCD/LCD_Program.o
 .text.LCD_Write_SpecialCharacter
                0x00000000       0x32 HAL/DISPLAY/LCD/LCD_Program.o
 .text          0x00000000        0x0 HAL/DISPLAY/SEVENSEGMENT/SEVSEG_Program.o
 .data          0x00000000        0x0 HAL/DISPLAY/SEVENSEGMENT/SEVSEG_Program.o
 .bss           0x00000000        0x0 HAL/DISPLAY/SEVENSEGMENT/SEVSEG_Program.o
 .text.SEVSENSEGMENT_EnableDecimalPoint
                0x00000000        0xc HAL/DISPLAY/SEVENSEGMENT/SEVSEG_Program.o
 .text.SEVSENSEGMENT_DisableDecimalPoint
                0x00000000        0xc HAL/DISPLAY/SEVENSEGMENT/SEVSEG_Program.o
 .text          0x00000000        0x0 HAL/EEPROM_24C16N/EEPROM_24C16N_Program.o
 .data          0x00000000        0x0 HAL/EEPROM_24C16N/EEPROM_24C16N_Program.o
 .bss           0x00000000        0x0 HAL/EEPROM_24C16N/EEPROM_24C16N_Program.o
 .text          0x00000000        0x0 HAL/LED/LED0/ON_LED_Program.o
 .data          0x00000000        0x0 HAL/LED/LED0/ON_LED_Program.o
 .bss           0x00000000        0x0 HAL/LED/LED0/ON_LED_Program.o
 .text.ON_LED_TGL
                0x00000000        0xa HAL/LED/LED0/ON_LED_Program.o
 .text          0x00000000        0x0 HAL/LED/LED1/HEATING_LED_Program.o
 .data          0x00000000        0x0 HAL/LED/LED1/HEATING_LED_Program.o
 .bss           0x00000000        0x0 HAL/LED/LED1/HEATING_LED_Program.o
 .text.HEATING_LED_ON
                0x00000000        0xc HAL/LED/LED1/HEATING_LED_Program.o
 .text          0x00000000        0x0 HAL/LED/LED2/COOLING_LED_Program.o
 .data          0x00000000        0x0 HAL/LED/LED2/COOLING_LED_Program.o
 .bss           0x00000000        0x0 HAL/LED/LED2/COOLING_LED_Program.o
 .text.COOLING_LED_TGL
                0x00000000        0xa HAL/LED/LED2/COOLING_LED_Program.o
 .text          0x00000000        0x0 HAL/RELAYs/COOLER/CoolerRelay_Program.o
 .data          0x00000000        0x0 HAL/RELAYs/COOLER/CoolerRelay_Program.o
 .bss           0x00000000        0x0 HAL/RELAYs/COOLER/CoolerRelay_Program.o
 .text          0x00000000        0x0 HAL/RELAYs/HEATER/HeaterRelay_Program.o
 .data          0x00000000        0x0 HAL/RELAYs/HEATER/HeaterRelay_Program.o
 .bss           0x00000000        0x0 HAL/RELAYs/HEATER/HeaterRelay_Program.o
 .text          0x00000000        0x0 HAL/TEMP_SENSOR/LM35/LM35_Program.o
 .data          0x00000000        0x0 HAL/TEMP_SENSOR/LM35/LM35_Program.o
 .bss           0x00000000        0x0 HAL/TEMP_SENSOR/LM35/LM35_Program.o
 .text          0x00000000        0x0 MCAL/ADC/ADC_Program.o
 .data          0x00000000        0x0 MCAL/ADC/ADC_Program.o
 .bss           0x00000000        0x0 MCAL/ADC/ADC_Program.o
 .text.ADC_Initialize_WithInterrupt
                0x00000000       0x12 MCAL/ADC/ADC_Program.o
 .text          0x00000000        0x0 MCAL/COMMUNICATION/I2C/TWI_Program.o
 .data          0x00000000        0x0 MCAL/COMMUNICATION/I2C/TWI_Program.o
 .bss           0x00000000        0x0 MCAL/COMMUNICATION/I2C/TWI_Program.o
 .text.TWI_voidMasterTransmitDataByteWithNoACK
                0x00000000       0x18 MCAL/COMMUNICATION/I2C/TWI_Program.o
 .text.TWI_voidMasterReceiveDataByteWithACK
                0x00000000       0x20 MCAL/COMMUNICATION/I2C/TWI_Program.o
 .text.TWI_voidSlaveTransmitDataByteWithACK
                0x00000000       0x18 MCAL/COMMUNICATION/I2C/TWI_Program.o
 .text.TWI_voidSlaveTransmitDataByteWithNoACK
                0x00000000       0x18 MCAL/COMMUNICATION/I2C/TWI_Program.o
 .text.TWI_voidSlaveReceiveDataByteWithACK
                0x00000000       0x20 MCAL/COMMUNICATION/I2C/TWI_Program.o
 .text.TWI_voidSlaveReceiveDataByteWithNoACK
                0x00000000       0x20 MCAL/COMMUNICATION/I2C/TWI_Program.o
 .text          0x00000000        0x0 MCAL/DIO/DIO_Program.o
 .data          0x00000000        0x0 MCAL/DIO/DIO_Program.o
 .bss           0x00000000        0x0 MCAL/DIO/DIO_Program.o
 .text.DIO_ReadPinValue
                0x00000000       0x5c MCAL/DIO/DIO_Program.o
 .text.DIO_SetPinPullUp
                0x00000000       0x68 MCAL/DIO/DIO_Program.o
 .text          0x00000000        0x0 MCAL/INTERRUPT/Interrupts_Program.o
 .data          0x00000000        0x0 MCAL/INTERRUPT/Interrupts_Program.o
 .bss           0x00000000        0x0 MCAL/INTERRUPT/Interrupts_Program.o
 .text          0x00000000        0x0 MCAL/TIMER/TIMER0/CTC/Timer0_CTC_Program.o
 .data          0x00000000        0x0 MCAL/TIMER/TIMER0/CTC/Timer0_CTC_Program.o
 .bss           0x00000000        0x0 MCAL/TIMER/TIMER0/CTC/Timer0_CTC_Program.o
 .text.Timer0_CTC_WithInterrupt_Initialize
                0x00000000       0x16 MCAL/TIMER/TIMER0/CTC/Timer0_CTC_Program.o
 .text.Timer0_CTC_WithInterrupt_Start
                0x00000000        0x8 MCAL/TIMER/TIMER0/CTC/Timer0_CTC_Program.o
 .text.Timer0_CTC_WithInterrupt_Stop
                0x00000000        0x8 MCAL/TIMER/TIMER0/CTC/Timer0_CTC_Program.o
 .debug_info    0x00000000       0xd2 MCAL/TIMER/TIMER0/CTC/Timer0_CTC_Program.o
 .debug_abbrev  0x00000000       0x51 MCAL/TIMER/TIMER0/CTC/Timer0_CTC_Program.o
 .debug_aranges
                0x00000000       0x30 MCAL/TIMER/TIMER0/CTC/Timer0_CTC_Program.o
 .debug_ranges  0x00000000       0x20 MCAL/TIMER/TIMER0/CTC/Timer0_CTC_Program.o
 .debug_line    0x00000000      0x107 MCAL/TIMER/TIMER0/CTC/Timer0_CTC_Program.o
 .debug_str     0x00000000      0x219 MCAL/TIMER/TIMER0/CTC/Timer0_CTC_Program.o
 .comment       0x00000000       0x31 MCAL/TIMER/TIMER0/CTC/Timer0_CTC_Program.o
 .debug_frame   0x00000000       0x44 MCAL/TIMER/TIMER0/CTC/Timer0_CTC_Program.o
 .text          0x00000000        0x0 MCAL/TIMER/TIMER0/OVF/Timer0_OVF_Program.o
 .data          0x00000000        0x0 MCAL/TIMER/TIMER0/OVF/Timer0_OVF_Program.o
 .bss           0x00000000        0x0 MCAL/TIMER/TIMER0/OVF/Timer0_OVF_Program.o
 .text.Timer0_OVF_WithInterrupt_Stop
                0x00000000        0x8 MCAL/TIMER/TIMER0/OVF/Timer0_OVF_Program.o
 .text.Timer0_OVF_WithoutInterrupt_Initialize
                0x00000000        0xc MCAL/TIMER/TIMER0/OVF/Timer0_OVF_Program.o
 .text.Timer0_OVF_WithoutInterrupt_Start
                0x00000000       0x18 MCAL/TIMER/TIMER0/OVF/Timer0_OVF_Program.o
 .text.Timer0_OVF_WithoutInterrupt_Stop
                0x00000000        0x8 MCAL/TIMER/TIMER0/OVF/Timer0_OVF_Program.o
 .text.Timer0_OVF_WithoutInterrupt_SetDelay
                0x00000000       0x64 MCAL/TIMER/TIMER0/OVF/Timer0_OVF_Program.o
 .text.Timer0_OVF_CounterValue
                0x00000000        0x4 MCAL/TIMER/TIMER0/OVF/Timer0_OVF_Program.o
 .text          0x00000000        0x0 c:/program files (x86)/atmel/studio/7.0/toolchain/avr8/avr8-gnu-toolchain/bin/../lib/gcc/avr/4.9.2/../../../../avr/lib/avr5\libm.a(addsf3.o)
 .data          0x00000000        0x0 c:/program files (x86)/atmel/studio/7.0/toolchain/avr8/avr8-gnu-toolchain/bin/../lib/gcc/avr/4.9.2/../../../../avr/lib/avr5\libm.a(addsf3.o)
 .bss           0x00000000        0x0 c:/program files (x86)/atmel/studio/7.0/toolchain/avr8/avr8-gnu-toolchain/bin/../lib/gcc/avr/4.9.2/../../../../avr/lib/avr5\libm.a(addsf3.o)
 .text.avr-libc.fplib
                0x00000000        0xe c:/program files (x86)/atmel/studio/7.0/toolchain/avr8/avr8-gnu-toolchain/bin/../lib/gcc/avr/4.9.2/../../../../avr/lib/avr5\libm.a(addsf3.o)
 .text          0x00000000        0x0 c:/program files (x86)/atmel/studio/7.0/toolchain/avr8/avr8-gnu-toolchain/bin/../lib/gcc/avr/4.9.2/../../../../avr/lib/avr5\libm.a(addsf3x.o)
 .data          0x00000000        0x0 c:/program files (x86)/atmel/studio/7.0/toolchain/avr8/avr8-gnu-toolchain/bin/../lib/gcc/avr/4.9.2/../../../../avr/lib/avr5\libm.a(addsf3x.o)
 .bss           0x00000000        0x0 c:/program files (x86)/atmel/studio/7.0/toolchain/avr8/avr8-gnu-toolchain/bin/../lib/gcc/avr/4.9.2/../../../../avr/lib/avr5\libm.a(addsf3x.o)
 .text.avr-libc.fplib
                0x00000000       0xcc c:/program files (x86)/atmel/studio/7.0/toolchain/avr8/avr8-gnu-toolchain/bin/../lib/gcc/avr/4.9.2/../../../../avr/lib/avr5\libm.a(addsf3x.o)
 .text          0x00000000        0x0 c:/program files (x86)/atmel/studio/7.0/toolchain/avr8/avr8-gnu-toolchain/bin/../lib/gcc/avr/4.9.2/../../../../avr/lib/avr5\libm.a(fixsfsi.o)
 .data          0x00000000        0x0 c:/program files (x86)/atmel/studio/7.0/toolchain/avr8/avr8-gnu-toolchain/bin/../lib/gcc/avr/4.9.2/../../../../avr/lib/avr5\libm.a(fixsfsi.o)
 .bss           0x00000000        0x0 c:/program files (x86)/atmel/studio/7.0/toolchain/avr8/avr8-gnu-toolchain/bin/../lib/gcc/avr/4.9.2/../../../../avr/lib/avr5\libm.a(fixsfsi.o)
 .text.avr-libc.fplib
                0x00000000        0xe c:/program files (x86)/atmel/studio/7.0/toolchain/avr8/avr8-gnu-toolchain/bin/../lib/gcc/avr/4.9.2/../../../../avr/lib/avr5\libm.a(fixsfsi.o)
 .text          0x00000000        0x0 c:/program files (x86)/atmel/studio/7.0/toolchain/avr8/avr8-gnu-toolchain/bin/../lib/gcc/avr/4.9.2/../../../../avr/lib/avr5\libm.a(fixunssfsi.o)
 .data          0x00000000        0x0 c:/program files (x86)/atmel/studio/7.0/toolchain/avr8/avr8-gnu-toolchain/bin/../lib/gcc/avr/4.9.2/../../../../avr/lib/avr5\libm.a(fixunssfsi.o)
 .bss           0x00000000        0x0 c:/program files (x86)/atmel/studio/7.0/toolchain/avr8/avr8-gnu-toolchain/bin/../lib/gcc/avr/4.9.2/../../../../avr/lib/avr5\libm.a(fixunssfsi.o)
 .text.avr-libc.fplib
                0x00000000       0x5e c:/program files (x86)/atmel/studio/7.0/toolchain/avr8/avr8-gnu-toolchain/bin/../lib/gcc/avr/4.9.2/../../../../avr/lib/avr5\libm.a(fixunssfsi.o)
 .text          0x00000000        0x0 c:/program files (x86)/atmel/studio/7.0/toolchain/avr8/avr8-gnu-toolchain/bin/../lib/gcc/avr/4.9.2/../../../../avr/lib/avr5\libm.a(floatsisf.o)
 .data          0x00000000        0x0 c:/program files (x86)/atmel/studio/7.0/toolchain/avr8/avr8-gnu-toolchain/bin/../lib/gcc/avr/4.9.2/../../../../avr/lib/avr5\libm.a(floatsisf.o)
 .bss           0x00000000        0x0 c:/program files (x86)/atmel/studio/7.0/toolchain/avr8/avr8-gnu-toolchain/bin/../lib/gcc/avr/4.9.2/../../../../avr/lib/avr5\libm.a(floatsisf.o)
 .text.avr-libc.fplib
                0x00000000       0x7a c:/program files (x86)/atmel/studio/7.0/toolchain/avr8/avr8-gnu-toolchain/bin/../lib/gcc/avr/4.9.2/../../../../avr/lib/avr5\libm.a(floatsisf.o)
 .text          0x00000000        0x0 c:/program files (x86)/atmel/studio/7.0/toolchain/avr8/avr8-gnu-toolchain/bin/../lib/gcc/avr/4.9.2/../../../../avr/lib/avr5\libm.a(fp_inf.o)
 .data          0x00000000        0x0 c:/program files (x86)/atmel/studio/7.0/toolchain/avr8/avr8-gnu-toolchain/bin/../lib/gcc/avr/4.9.2/../../../../avr/lib/avr5\libm.a(fp_inf.o)
 .bss           0x00000000        0x0 c:/program files (x86)/atmel/studio/7.0/toolchain/avr8/avr8-gnu-toolchain/bin/../lib/gcc/avr/4.9.2/../../../../avr/lib/avr5\libm.a(fp_inf.o)
 .text.avr-libc.fplib
                0x00000000        0xc c:/program files (x86)/atmel/studio/7.0/toolchain/avr8/avr8-gnu-toolchain/bin/../lib/gcc/avr/4.9.2/../../../../avr/lib/avr5\libm.a(fp_inf.o)
 .text          0x00000000        0x0 c:/program files (x86)/atmel/studio/7.0/toolchain/avr8/avr8-gnu-toolchain/bin/../lib/gcc/avr/4.9.2/../../../../avr/lib/avr5\libm.a(fp_nan.o)
 .data          0x00000000        0x0 c:/program files (x86)/atmel/studio/7.0/toolchain/avr8/avr8-gnu-toolchain/bin/../lib/gcc/avr/4.9.2/../../../../avr/lib/avr5\libm.a(fp_nan.o)
 .bss           0x00000000        0x0 c:/program files (x86)/atmel/studio/7.0/toolchain/avr8/avr8-gnu-toolchain/bin/../lib/gcc/avr/4.9.2/../../../../avr/lib/avr5\libm.a(fp_nan.o)
 .text.avr-libc.fplib
                0x00000000        0x6 c:/program files (x86)/atmel/studio/7.0/toolchain/avr8/avr8-gnu-toolchain/bin/../lib/gcc/avr/4.9.2/../../../../avr/lib/avr5\libm.a(fp_nan.o)
 .text          0x00000000        0x0 c:/program files (x86)/atmel/studio/7.0/toolchain/avr8/avr8-gnu-toolchain/bin/../lib/gcc/avr/4.9.2/../../../../avr/lib/avr5\libm.a(fp_pscA.o)
 .data          0x00000000        0x0 c:/program files (x86)/atmel/studio/7.0/toolchain/avr8/avr8-gnu-toolchain/bin/../lib/gcc/avr/4.9.2/../../../../avr/lib/avr5\libm.a(fp_pscA.o)
 .bss           0x00000000        0x0 c:/program files (x86)/atmel/studio/7.0/toolchain/avr8/avr8-gnu-toolchain/bin/../lib/gcc/avr/4.9.2/../../../../avr/lib/avr5\libm.a(fp_pscA.o)
 .text.avr-libc.fplib
                0x00000000        0xe c:/program files (x86)/atmel/studio/7.0/toolchain/avr8/avr8-gnu-toolchain/bin/../lib/gcc/avr/4.9.2/../../../../avr/lib/avr5\libm.a(fp_pscA.o)
 .text          0x00000000        0x0 c:/program files (x86)/atmel/studio/7.0/toolchain/avr8/avr8-gnu-toolchain/bin/../lib/gcc/avr/4.9.2/../../../../avr/lib/avr5\libm.a(fp_pscB.o)
 .data          0x00000000        0x0 c:/program files (x86)/atmel/studio/7.0/toolchain/avr8/avr8-gnu-toolchain/bin/../lib/gcc/avr/4.9.2/../../../../avr/lib/avr5\libm.a(fp_pscB.o)
 .bss           0x00000000        0x0 c:/program files (x86)/atmel/studio/7.0/toolchain/avr8/avr8-gnu-toolchain/bin/../lib/gcc/avr/4.9.2/../../../../avr/lib/avr5\libm.a(fp_pscB.o)
 .text.avr-libc.fplib
                0x00000000        0xe c:/program files (x86)/atmel/studio/7.0/toolchain/avr8/avr8-gnu-toolchain/bin/../lib/gcc/avr/4.9.2/../../../../avr/lib/avr5\libm.a(fp_pscB.o)
 .text          0x00000000        0x0 c:/program files (x86)/atmel/studio/7.0/toolchain/avr8/avr8-gnu-toolchain/bin/../lib/gcc/avr/4.9.2/../../../../avr/lib/avr5\libm.a(fp_round.o)
 .data          0x00000000        0x0 c:/program files (x86)/atmel/studio/7.0/toolchain/avr8/avr8-gnu-toolchain/bin/../lib/gcc/avr/4.9.2/../../../../avr/lib/avr5\libm.a(fp_round.o)
 .bss           0x00000000        0x0 c:/program files (x86)/atmel/studio/7.0/toolchain/avr8/avr8-gnu-toolchain/bin/../lib/gcc/avr/4.9.2/../../../../avr/lib/avr5\libm.a(fp_round.o)
 .text.avr-libc.fplib
                0x00000000       0x22 c:/program files (x86)/atmel/studio/7.0/toolchain/avr8/avr8-gnu-toolchain/bin/../lib/gcc/avr/4.9.2/../../../../avr/lib/avr5\libm.a(fp_round.o)
 .text          0x00000000        0x0 c:/program files (x86)/atmel/studio/7.0/toolchain/avr8/avr8-gnu-toolchain/bin/../lib/gcc/avr/4.9.2/../../../../avr/lib/avr5\libm.a(fp_split3.o)
 .data          0x00000000        0x0 c:/program files (x86)/atmel/studio/7.0/toolchain/avr8/avr8-gnu-toolchain/bin/../lib/gcc/avr/4.9.2/../../../../avr/lib/avr5\libm.a(fp_split3.o)
 .bss           0x00000000        0x0 c:/program files (x86)/atmel/studio/7.0/toolchain/avr8/avr8-gnu-toolchain/bin/../lib/gcc/avr/4.9.2/../../../../avr/lib/avr5\libm.a(fp_split3.o)
 .text.avr-libc.fplib
                0x00000000       0x44 c:/program files (x86)/atmel/studio/7.0/toolchain/avr8/avr8-gnu-toolchain/bin/../lib/gcc/avr/4.9.2/../../../../avr/lib/avr5\libm.a(fp_split3.o)
 .text          0x00000000        0x0 c:/program files (x86)/atmel/studio/7.0/toolchain/avr8/avr8-gnu-toolchain/bin/../lib/gcc/avr/4.9.2/../../../../avr/lib/avr5\libm.a(fp_zero.o)
 .data          0x00000000        0x0 c:/program files (x86)/atmel/studio/7.0/toolchain/avr8/avr8-gnu-toolchain/bin/../lib/gcc/avr/4.9.2/../../../../avr/lib/avr5\libm.a(fp_zero.o)
 .bss           0x00000000        0x0 c:/program files (x86)/atmel/studio/7.0/toolchain/avr8/avr8-gnu-toolchain/bin/../lib/gcc/avr/4.9.2/../../../../avr/lib/avr5\libm.a(fp_zero.o)
 .text.avr-libc.fplib
                0x00000000        0xe c:/program files (x86)/atmel/studio/7.0/toolchain/avr8/avr8-gnu-toolchain/bin/../lib/gcc/avr/4.9.2/../../../../avr/lib/avr5\libm.a(fp_zero.o)
 .text          0x00000000        0x0 c:/program files (x86)/atmel/studio/7.0/toolchain/avr8/avr8-gnu-toolchain/bin/../lib/gcc/avr/4.9.2/../../../../avr/lib/avr5\libm.a(mulsf3.o)
 .data          0x00000000        0x0 c:/program files (x86)/atmel/studio/7.0/toolchain/avr8/avr8-gnu-toolchain/bin/../lib/gcc/avr/4.9.2/../../../../avr/lib/avr5\libm.a(mulsf3.o)
 .bss           0x00000000        0x0 c:/program files (x86)/atmel/studio/7.0/toolchain/avr8/avr8-gnu-toolchain/bin/../lib/gcc/avr/4.9.2/../../../../avr/lib/avr5\libm.a(mulsf3.o)
 .text.avr-libc.fplib
                0x00000000        0x8 c:/program files (x86)/atmel/studio/7.0/toolchain/avr8/avr8-gnu-toolchain/bin/../lib/gcc/avr/4.9.2/../../../../avr/lib/avr5\libm.a(mulsf3.o)
 .text          0x00000000        0x0 c:/program files (x86)/atmel/studio/7.0/toolchain/avr8/avr8-gnu-toolchain/bin/../lib/gcc/avr/4.9.2/../../../../avr/lib/avr5\libm.a(mulsf3x.o)
 .data          0x00000000        0x0 c:/program files (x86)/atmel/studio/7.0/toolchain/avr8/avr8-gnu-toolchain/bin/../lib/gcc/avr/4.9.2/../../../../avr/lib/avr5\libm.a(mulsf3x.o)
 .bss           0x00000000        0x0 c:/program files (x86)/atmel/studio/7.0/toolchain/avr8/avr8-gnu-toolchain/bin/../lib/gcc/avr/4.9.2/../../../../avr/lib/avr5\libm.a(mulsf3x.o)
 .text.avr-libc.fplib
                0x00000000       0xd2 c:/program files (x86)/atmel/studio/7.0/toolchain/avr8/avr8-gnu-toolchain/bin/../lib/gcc/avr/4.9.2/../../../../avr/lib/avr5\libm.a(mulsf3x.o)
 .text          0x00000000        0x0 c:/program files (x86)/atmel/studio/7.0/toolchain/avr8/avr8-gnu-toolchain/bin/../lib/gcc/avr/4.9.2/../../../../avr/lib/avr5\libm.a(pow.o)
 .data          0x00000000        0x0 c:/program files (x86)/atmel/studio/7.0/toolchain/avr8/avr8-gnu-toolchain/bin/../lib/gcc/avr/4.9.2/../../../../avr/lib/avr5\libm.a(pow.o)
 .bss           0x00000000        0x0 c:/program files (x86)/atmel/studio/7.0/toolchain/avr8/avr8-gnu-toolchain/bin/../lib/gcc/avr/4.9.2/../../../../avr/lib/avr5\libm.a(pow.o)
 .text.avr-libc.fplib
                0x00000000       0xa0 c:/program files (x86)/atmel/studio/7.0/toolchain/avr8/avr8-gnu-toolchain/bin/../lib/gcc/avr/4.9.2/../../../../avr/lib/avr5\libm.a(pow.o)
 .text          0x00000000        0x0 c:/program files (x86)/atmel/studio/7.0/toolchain/avr8/avr8-gnu-toolchain/bin/../lib/gcc/avr/4.9.2/../../../../avr/lib/avr5\libm.a(exp.o)
 .data          0x00000000        0x0 c:/program files (x86)/atmel/studio/7.0/toolchain/avr8/avr8-gnu-toolchain/bin/../lib/gcc/avr/4.9.2/../../../../avr/lib/avr5\libm.a(exp.o)
 .bss           0x00000000        0x0 c:/program files (x86)/atmel/studio/7.0/toolchain/avr8/avr8-gnu-toolchain/bin/../lib/gcc/avr/4.9.2/../../../../avr/lib/avr5\libm.a(exp.o)
 .text.avr-libc.fplib
                0x00000000       0x74 c:/program files (x86)/atmel/studio/7.0/toolchain/avr8/avr8-gnu-toolchain/bin/../lib/gcc/avr/4.9.2/../../../../avr/lib/avr5\libm.a(exp.o)
 .progmem.gcc_fplib
                0x00000000       0x28 c:/program files (x86)/atmel/studio/7.0/toolchain/avr8/avr8-gnu-toolchain/bin/../lib/gcc/avr/4.9.2/../../../../avr/lib/avr5\libm.a(exp.o)
 .text          0x00000000        0x0 c:/program files (x86)/atmel/studio/7.0/toolchain/avr8/avr8-gnu-toolchain/bin/../lib/gcc/avr/4.9.2/../../../../avr/lib/avr5\libm.a(fp_powser.o)
 .data          0x00000000        0x0 c:/program files (x86)/atmel/studio/7.0/toolchain/avr8/avr8-gnu-toolchain/bin/../lib/gcc/avr/4.9.2/../../../../avr/lib/avr5\libm.a(fp_powser.o)
 .bss           0x00000000        0x0 c:/program files (x86)/atmel/studio/7.0/toolchain/avr8/avr8-gnu-toolchain/bin/../lib/gcc/avr/4.9.2/../../../../avr/lib/avr5\libm.a(fp_powser.o)
 .text.avr-libc.fplib
                0x00000000       0x4e c:/program files (x86)/atmel/studio/7.0/toolchain/avr8/avr8-gnu-toolchain/bin/../lib/gcc/avr/4.9.2/../../../../avr/lib/avr5\libm.a(fp_powser.o)
 .text          0x00000000        0x0 c:/program files (x86)/atmel/studio/7.0/toolchain/avr8/avr8-gnu-toolchain/bin/../lib/gcc/avr/4.9.2/../../../../avr/lib/avr5\libm.a(inverse.o)
 .data          0x00000000        0x0 c:/program files (x86)/atmel/studio/7.0/toolchain/avr8/avr8-gnu-toolchain/bin/../lib/gcc/avr/4.9.2/../../../../avr/lib/avr5\libm.a(inverse.o)
 .bss           0x00000000        0x0 c:/program files (x86)/atmel/studio/7.0/toolchain/avr8/avr8-gnu-toolchain/bin/../lib/gcc/avr/4.9.2/../../../../avr/lib/avr5\libm.a(inverse.o)
 .text.avr-libc.fplib
                0x00000000       0x10 c:/program files (x86)/atmel/studio/7.0/toolchain/avr8/avr8-gnu-toolchain/bin/../lib/gcc/avr/4.9.2/../../../../avr/lib/avr5\libm.a(inverse.o)
 .text          0x00000000        0x0 c:/program files (x86)/atmel/studio/7.0/toolchain/avr8/avr8-gnu-toolchain/bin/../lib/gcc/avr/4.9.2/../../../../avr/lib/avr5\libm.a(ldexp.o)
 .data          0x00000000        0x0 c:/program files (x86)/atmel/studio/7.0/toolchain/avr8/avr8-gnu-toolchain/bin/../lib/gcc/avr/4.9.2/../../../../avr/lib/avr5\libm.a(ldexp.o)
 .bss           0x00000000        0x0 c:/program files (x86)/atmel/studio/7.0/toolchain/avr8/avr8-gnu-toolchain/bin/../lib/gcc/avr/4.9.2/../../../../avr/lib/avr5\libm.a(ldexp.o)
 .text.avr-libc.fplib
                0x00000000       0x74 c:/program files (x86)/atmel/studio/7.0/toolchain/avr8/avr8-gnu-toolchain/bin/../lib/gcc/avr/4.9.2/../../../../avr/lib/avr5\libm.a(ldexp.o)
 .text          0x00000000        0x0 c:/program files (x86)/atmel/studio/7.0/toolchain/avr8/avr8-gnu-toolchain/bin/../lib/gcc/avr/4.9.2/../../../../avr/lib/avr5\libm.a(log.o)
 .data          0x00000000        0x0 c:/program files (x86)/atmel/studio/7.0/toolchain/avr8/avr8-gnu-toolchain/bin/../lib/gcc/avr/4.9.2/../../../../avr/lib/avr5\libm.a(log.o)
 .bss           0x00000000        0x0 c:/program files (x86)/atmel/studio/7.0/toolchain/avr8/avr8-gnu-toolchain/bin/../lib/gcc/avr/4.9.2/../../../../avr/lib/avr5\libm.a(log.o)
 .text.avr-libc.fplib
                0x00000000       0xa0 c:/program files (x86)/atmel/studio/7.0/toolchain/avr8/avr8-gnu-toolchain/bin/../lib/gcc/avr/4.9.2/../../../../avr/lib/avr5\libm.a(log.o)
 .progmem.gcc_fplib
                0x00000000       0x5a c:/program files (x86)/atmel/studio/7.0/toolchain/avr8/avr8-gnu-toolchain/bin/../lib/gcc/avr/4.9.2/../../../../avr/lib/avr5\libm.a(log.o)
 .text          0x00000000        0x0 c:/program files (x86)/atmel/studio/7.0/toolchain/avr8/avr8-gnu-toolchain/bin/../lib/gcc/avr/4.9.2/../../../../avr/lib/avr5\libm.a(modf.o)
 .data          0x00000000        0x0 c:/program files (x86)/atmel/studio/7.0/toolchain/avr8/avr8-gnu-toolchain/bin/../lib/gcc/avr/4.9.2/../../../../avr/lib/avr5\libm.a(modf.o)
 .bss           0x00000000        0x0 c:/program files (x86)/atmel/studio/7.0/toolchain/avr8/avr8-gnu-toolchain/bin/../lib/gcc/avr/4.9.2/../../../../avr/lib/avr5\libm.a(modf.o)
 .text.avr-libc.fplib
                0x00000000       0x68 c:/program files (x86)/atmel/studio/7.0/toolchain/avr8/avr8-gnu-toolchain/bin/../lib/gcc/avr/4.9.2/../../../../avr/lib/avr5\libm.a(modf.o)
 .text          0x00000000        0x0 c:/program files (x86)/atmel/studio/7.0/toolchain/avr8/avr8-gnu-toolchain/bin/../lib/gcc/avr/4.9.2/../../../../avr/lib/avr5\libm.a(divsf3.o)
 .data          0x00000000        0x0 c:/program files (x86)/atmel/studio/7.0/toolchain/avr8/avr8-gnu-toolchain/bin/../lib/gcc/avr/4.9.2/../../../../avr/lib/avr5\libm.a(divsf3.o)
 .bss           0x00000000        0x0 c:/program files (x86)/atmel/studio/7.0/toolchain/avr8/avr8-gnu-toolchain/bin/../lib/gcc/avr/4.9.2/../../../../avr/lib/avr5\libm.a(divsf3.o)
 .text.avr-libc.fplib
                0x00000000        0x8 c:/program files (x86)/atmel/studio/7.0/toolchain/avr8/avr8-gnu-toolchain/bin/../lib/gcc/avr/4.9.2/../../../../avr/lib/avr5\libm.a(divsf3.o)
 .text          0x00000000        0x0 c:/program files (x86)/atmel/studio/7.0/toolchain/avr8/avr8-gnu-toolchain/bin/../lib/gcc/avr/4.9.2/../../../../avr/lib/avr5\libm.a(divsf3x.o)
 .data          0x00000000        0x0 c:/program files (x86)/atmel/studio/7.0/toolchain/avr8/avr8-gnu-toolchain/bin/../lib/gcc/avr/4.9.2/../../../../avr/lib/avr5\libm.a(divsf3x.o)
 .bss           0x00000000        0x0 c:/program files (x86)/atmel/studio/7.0/toolchain/avr8/avr8-gnu-toolchain/bin/../lib/gcc/avr/4.9.2/../../../../avr/lib/avr5\libm.a(divsf3x.o)
 .text.avr-libc.fplib
                0x00000000       0xdc c:/program files (x86)/atmel/studio/7.0/toolchain/avr8/avr8-gnu-toolchain/bin/../lib/gcc/avr/4.9.2/../../../../avr/lib/avr5\libm.a(divsf3x.o)
 .text          0x00000000        0x0 c:/program files (x86)/atmel/studio/7.0/toolchain/avr8/avr8-gnu-toolchain/bin/../lib/gcc/avr/4.9.2/../../../../avr/lib/avr5\libm.a(fp_mpack.o)
 .data          0x00000000        0x0 c:/program files (x86)/atmel/studio/7.0/toolchain/avr8/avr8-gnu-toolchain/bin/../lib/gcc/avr/4.9.2/../../../../avr/lib/avr5\libm.a(fp_mpack.o)
 .bss           0x00000000        0x0 c:/program files (x86)/atmel/studio/7.0/toolchain/avr8/avr8-gnu-toolchain/bin/../lib/gcc/avr/4.9.2/../../../../avr/lib/avr5\libm.a(fp_mpack.o)
 .text.avr-libc.fplib
                0x00000000       0x1c c:/program files (x86)/atmel/studio/7.0/toolchain/avr8/avr8-gnu-toolchain/bin/../lib/gcc/avr/4.9.2/../../../../avr/lib/avr5\libm.a(fp_mpack.o)
 .text          0x00000000        0x0 c:/program files (x86)/atmel/studio/7.0/toolchain/avr8/avr8-gnu-toolchain/bin/../lib/gcc/avr/4.9.2/avr5\libgcc.a(_divmodhi4.o)
 .data          0x00000000        0x0 c:/program files (x86)/atmel/studio/7.0/toolchain/avr8/avr8-gnu-toolchain/bin/../lib/gcc/avr/4.9.2/avr5\libgcc.a(_divmodhi4.o)
 .bss           0x00000000        0x0 c:/program files (x86)/atmel/studio/7.0/toolchain/avr8/avr8-gnu-toolchain/bin/../lib/gcc/avr/4.9.2/avr5\libgcc.a(_divmodhi4.o)
 .text.libgcc.mul
                0x00000000        0x0 c:/program files (x86)/atmel/studio/7.0/toolchain/avr8/avr8-gnu-toolchain/bin/../lib/gcc/avr/4.9.2/avr5\libgcc.a(_divmodhi4.o)
 .text.libgcc   0x00000000        0x0 c:/program files (x86)/atmel/studio/7.0/toolchain/avr8/avr8-gnu-toolchain/bin/../lib/gcc/avr/4.9.2/avr5\libgcc.a(_divmodhi4.o)
 .text.libgcc.prologue
                0x00000000        0x0 c:/program files (x86)/atmel/studio/7.0/toolchain/avr8/avr8-gnu-toolchain/bin/../lib/gcc/avr/4.9.2/avr5\libgcc.a(_divmodhi4.o)
 .text.libgcc.builtins
                0x00000000        0x0 c:/program files (x86)/atmel/studio/7.0/toolchain/avr8/avr8-gnu-toolchain/bin/../lib/gcc/avr/4.9.2/avr5\libgcc.a(_divmodhi4.o)
 .text.libgcc.fmul
                0x00000000        0x0 c:/program files (x86)/atmel/studio/7.0/toolchain/avr8/avr8-gnu-toolchain/bin/../lib/gcc/avr/4.9.2/avr5\libgcc.a(_divmodhi4.o)
 .text.libgcc.fixed
                0x00000000        0x0 c:/program files (x86)/atmel/studio/7.0/toolchain/avr8/avr8-gnu-toolchain/bin/../lib/gcc/avr/4.9.2/avr5\libgcc.a(_divmodhi4.o)
 .text          0x00000000        0x0 c:/program files (x86)/atmel/studio/7.0/toolchain/avr8/avr8-gnu-toolchain/bin/../lib/gcc/avr/4.9.2/avr5\libgcc.a(_udivmodsi4.o)
 .data          0x00000000        0x0 c:/program files (x86)/atmel/studio/7.0/toolchain/avr8/avr8-gnu-toolchain/bin/../lib/gcc/avr/4.9.2/avr5\libgcc.a(_udivmodsi4.o)
 .bss           0x00000000        0x0 c:/program files (x86)/atmel/studio/7.0/toolchain/avr8/avr8-gnu-toolchain/bin/../lib/gcc/avr/4.9.2/avr5\libgcc.a(_udivmodsi4.o)
 .text.libgcc.mul
                0x00000000        0x0 c:/program files (x86)/atmel/studio/7.0/toolchain/avr8/avr8-gnu-toolchain/bin/../lib/gcc/avr/4.9.2/avr5\libgcc.a(_udivmodsi4.o)
 .text.libgcc   0x00000000        0x0 c:/program files (x86)/atmel/studio/7.0/toolchain/avr8/avr8-gnu-toolchain/bin/../lib/gcc/avr/4.9.2/avr5\libgcc.a(_udivmodsi4.o)
 .text.libgcc.prologue
                0x00000000        0x0 c:/program files (x86)/atmel/studio/7.0/toolchain/avr8/avr8-gnu-toolchain/bin/../lib/gcc/avr/4.9.2/avr5\libgcc.a(_udivmodsi4.o)
 .text.libgcc.builtins
                0x00000000        0x0 c:/program files (x86)/atmel/studio/7.0/toolchain/avr8/avr8-gnu-toolchain/bin/../lib/gcc/avr/4.9.2/avr5\libgcc.a(_udivmodsi4.o)
 .text.libgcc.fmul
                0x00000000        0x0 c:/program files (x86)/atmel/studio/7.0/toolchain/avr8/avr8-gnu-toolchain/bin/../lib/gcc/avr/4.9.2/avr5\libgcc.a(_udivmodsi4.o)
 .text.libgcc.fixed
                0x00000000        0x0 c:/program files (x86)/atmel/studio/7.0/toolchain/avr8/avr8-gnu-toolchain/bin/../lib/gcc/avr/4.9.2/avr5\libgcc.a(_udivmodsi4.o)
 .text          0x00000000        0x0 c:/program files (x86)/atmel/studio/7.0/toolchain/avr8/avr8-gnu-toolchain/bin/../lib/gcc/avr/4.9.2/avr5\libgcc.a(_exit.o)
 .data          0x00000000        0x0 c:/program files (x86)/atmel/studio/7.0/toolchain/avr8/avr8-gnu-toolchain/bin/../lib/gcc/avr/4.9.2/avr5\libgcc.a(_exit.o)
 .bss           0x00000000        0x0 c:/program files (x86)/atmel/studio/7.0/toolchain/avr8/avr8-gnu-toolchain/bin/../lib/gcc/avr/4.9.2/avr5\libgcc.a(_exit.o)
 .text.libgcc.mul
                0x00000000        0x0 c:/program files (x86)/atmel/studio/7.0/toolchain/avr8/avr8-gnu-toolchain/bin/../lib/gcc/avr/4.9.2/avr5\libgcc.a(_exit.o)
 .text.libgcc.div
                0x00000000        0x0 c:/program files (x86)/atmel/studio/7.0/toolchain/avr8/avr8-gnu-toolchain/bin/../lib/gcc/avr/4.9.2/avr5\libgcc.a(_exit.o)
 .text.libgcc   0x00000000        0x0 c:/program files (x86)/atmel/studio/7.0/toolchain/avr8/avr8-gnu-toolchain/bin/../lib/gcc/avr/4.9.2/avr5\libgcc.a(_exit.o)
 .text.libgcc.prologue
                0x00000000        0x0 c:/program files (x86)/atmel/studio/7.0/toolchain/avr8/avr8-gnu-toolchain/bin/../lib/gcc/avr/4.9.2/avr5\libgcc.a(_exit.o)
 .text.libgcc.builtins
                0x00000000        0x0 c:/program files (x86)/atmel/studio/7.0/toolchain/avr8/avr8-gnu-toolchain/bin/../lib/gcc/avr/4.9.2/avr5\libgcc.a(_exit.o)
 .text.libgcc.fmul
                0x00000000        0x0 c:/program files (x86)/atmel/studio/7.0/toolchain/avr8/avr8-gnu-toolchain/bin/../lib/gcc/avr/4.9.2/avr5\libgcc.a(_exit.o)
 .text.libgcc.fixed
                0x00000000        0x0 c:/program files (x86)/atmel/studio/7.0/toolchain/avr8/avr8-gnu-toolchain/bin/../lib/gcc/avr/4.9.2/avr5\libgcc.a(_exit.o)
 .text          0x00000000        0x0 c:/program files (x86)/atmel/studio/7.0/toolchain/avr8/avr8-gnu-toolchain/bin/../lib/gcc/avr/4.9.2/avr5\libgcc.a(_tablejump2.o)
 .data          0x00000000        0x0 c:/program files (x86)/atmel/studio/7.0/toolchain/avr8/avr8-gnu-toolchain/bin/../lib/gcc/avr/4.9.2/avr5\libgcc.a(_tablejump2.o)
 .bss           0x00000000        0x0 c:/program files (x86)/atmel/studio/7.0/toolchain/avr8/avr8-gnu-toolchain/bin/../lib/gcc/avr/4.9.2/avr5\libgcc.a(_tablejump2.o)
 .text.libgcc.mul
                0x00000000        0x0 c:/program files (x86)/atmel/studio/7.0/toolchain/avr8/avr8-gnu-toolchain/bin/../lib/gcc/avr/4.9.2/avr5\libgcc.a(_tablejump2.o)
 .text.libgcc.div
                0x00000000        0x0 c:/program files (x86)/atmel/studio/7.0/toolchain/avr8/avr8-gnu-toolchain/bin/../lib/gcc/avr/4.9.2/avr5\libgcc.a(_tablejump2.o)
 .text.libgcc.prologue
                0x00000000        0x0 c:/program files (x86)/atmel/studio/7.0/toolchain/avr8/avr8-gnu-toolchain/bin/../lib/gcc/avr/4.9.2/avr5\libgcc.a(_tablejump2.o)
 .text.libgcc.builtins
                0x00000000        0x0 c:/program files (x86)/atmel/studio/7.0/toolchain/avr8/avr8-gnu-toolchain/bin/../lib/gcc/avr/4.9.2/avr5\libgcc.a(_tablejump2.o)
 .text.libgcc.fmul
                0x00000000        0x0 c:/program files (x86)/atmel/studio/7.0/toolchain/avr8/avr8-gnu-toolchain/bin/../lib/gcc/avr/4.9.2/avr5\libgcc.a(_tablejump2.o)
 .text.libgcc.fixed
                0x00000000        0x0 c:/program files (x86)/atmel/studio/7.0/toolchain/avr8/avr8-gnu-toolchain/bin/../lib/gcc/avr/4.9.2/avr5\libgcc.a(_tablejump2.o)
 .text          0x00000000        0x0 c:/program files (x86)/atmel/studio/7.0/toolchain/avr8/avr8-gnu-toolchain/bin/../lib/gcc/avr/4.9.2/avr5\libgcc.a(_copy_data.o)
 .data          0x00000000        0x0 c:/program files (x86)/atmel/studio/7.0/toolchain/avr8/avr8-gnu-toolchain/bin/../lib/gcc/avr/4.9.2/avr5\libgcc.a(_copy_data.o)
 .bss           0x00000000        0x0 c:/program files (x86)/atmel/studio/7.0/toolchain/avr8/avr8-gnu-toolchain/bin/../lib/gcc/avr/4.9.2/avr5\libgcc.a(_copy_data.o)
 .text.libgcc.mul
                0x00000000        0x0 c:/program files (x86)/atmel/studio/7.0/toolchain/avr8/avr8-gnu-toolchain/bin/../lib/gcc/avr/4.9.2/avr5\libgcc.a(_copy_data.o)
 .text.libgcc.div
                0x00000000        0x0 c:/program files (x86)/atmel/studio/7.0/toolchain/avr8/avr8-gnu-toolchain/bin/../lib/gcc/avr/4.9.2/avr5\libgcc.a(_copy_data.o)
 .text.libgcc   0x00000000        0x0 c:/program files (x86)/atmel/studio/7.0/toolchain/avr8/avr8-gnu-toolchain/bin/../lib/gcc/avr/4.9.2/avr5\libgcc.a(_copy_data.o)
 .text.libgcc.prologue
                0x00000000        0x0 c:/program files (x86)/atmel/studio/7.0/toolchain/avr8/avr8-gnu-toolchain/bin/../lib/gcc/avr/4.9.2/avr5\libgcc.a(_copy_data.o)
 .text.libgcc.builtins
                0x00000000        0x0 c:/program files (x86)/atmel/studio/7.0/toolchain/avr8/avr8-gnu-toolchain/bin/../lib/gcc/avr/4.9.2/avr5\libgcc.a(_copy_data.o)
 .text.libgcc.fmul
                0x00000000        0x0 c:/program files (x86)/atmel/studio/7.0/toolchain/avr8/avr8-gnu-toolchain/bin/../lib/gcc/avr/4.9.2/avr5\libgcc.a(_copy_data.o)
 .text.libgcc.fixed
                0x00000000        0x0 c:/program files (x86)/atmel/studio/7.0/toolchain/avr8/avr8-gnu-toolchain/bin/../lib/gcc/avr/4.9.2/avr5\libgcc.a(_copy_data.o)
 .text          0x00000000        0x0 c:/program files (x86)/atmel/studio/7.0/toolchain/avr8/avr8-gnu-toolchain/bin/../lib/gcc/avr/4.9.2/avr5\libgcc.a(_clear_bss.o)
 .data          0x00000000        0x0 c:/program files (x86)/atmel/studio/7.0/toolchain/avr8/avr8-gnu-toolchain/bin/../lib/gcc/avr/4.9.2/avr5\libgcc.a(_clear_bss.o)
 .bss           0x00000000        0x0 c:/program files (x86)/atmel/studio/7.0/toolchain/avr8/avr8-gnu-toolchain/bin/../lib/gcc/avr/4.9.2/avr5\libgcc.a(_clear_bss.o)
 .text.libgcc.mul
                0x00000000        0x0 c:/program files (x86)/atmel/studio/7.0/toolchain/avr8/avr8-gnu-toolchain/bin/../lib/gcc/avr/4.9.2/avr5\libgcc.a(_clear_bss.o)
 .text.libgcc.div
                0x00000000        0x0 c:/program files (x86)/atmel/studio/7.0/toolchain/avr8/avr8-gnu-toolchain/bin/../lib/gcc/avr/4.9.2/avr5\libgcc.a(_clear_bss.o)
 .text.libgcc   0x00000000        0x0 c:/program files (x86)/atmel/studio/7.0/toolchain/avr8/avr8-gnu-toolchain/bin/../lib/gcc/avr/4.9.2/avr5\libgcc.a(_clear_bss.o)
 .text.libgcc.prologue
                0x00000000        0x0 c:/program files (x86)/atmel/studio/7.0/toolchain/avr8/avr8-gnu-toolchain/bin/../lib/gcc/avr/4.9.2/avr5\libgcc.a(_clear_bss.o)
 .text.libgcc.builtins
                0x00000000        0x0 c:/program files (x86)/atmel/studio/7.0/toolchain/avr8/avr8-gnu-toolchain/bin/../lib/gcc/avr/4.9.2/avr5\libgcc.a(_clear_bss.o)
 .text.libgcc.fmul
                0x00000000        0x0 c:/program files (x86)/atmel/studio/7.0/toolchain/avr8/avr8-gnu-toolchain/bin/../lib/gcc/avr/4.9.2/avr5\libgcc.a(_clear_bss.o)
 .text.libgcc.fixed
                0x00000000        0x0 c:/program files (x86)/atmel/studio/7.0/toolchain/avr8/avr8-gnu-toolchain/bin/../lib/gcc/avr/4.9.2/avr5\libgcc.a(_clear_bss.o)
 .text          0x00000000        0x0 c:/program files (x86)/atmel/studio/7.0/toolchain/avr8/avr8-gnu-toolchain/bin/../lib/gcc/avr/4.9.2/avr5\libgcc.a(_umulhisi3.o)
 .data          0x00000000        0x0 c:/program files (x86)/atmel/studio/7.0/toolchain/avr8/avr8-gnu-toolchain/bin/../lib/gcc/avr/4.9.2/avr5\libgcc.a(_umulhisi3.o)
 .bss           0x00000000        0x0 c:/program files (x86)/atmel/studio/7.0/toolchain/avr8/avr8-gnu-toolchain/bin/../lib/gcc/avr/4.9.2/avr5\libgcc.a(_umulhisi3.o)
 .text.libgcc.div
                0x00000000        0x0 c:/program files (x86)/atmel/studio/7.0/toolchain/avr8/avr8-gnu-toolchain/bin/../lib/gcc/avr/4.9.2/avr5\libgcc.a(_umulhisi3.o)
 .text.libgcc   0x00000000        0x0 c:/program files (x86)/atmel/studio/7.0/toolchain/avr8/avr8-gnu-toolchain/bin/../lib/gcc/avr/4.9.2/avr5\libgcc.a(_umulhisi3.o)
 .text.libgcc.prologue
                0x00000000        0x0 c:/program files (x86)/atmel/studio/7.0/toolchain/avr8/avr8-gnu-toolchain/bin/../lib/gcc/avr/4.9.2/avr5\libgcc.a(_umulhisi3.o)
 .text.libgcc.builtins
                0x00000000        0x0 c:/program files (x86)/atmel/studio/7.0/toolchain/avr8/avr8-gnu-toolchain/bin/../lib/gcc/avr/4.9.2/avr5\libgcc.a(_umulhisi3.o)
 .text.libgcc.fmul
                0x00000000        0x0 c:/program files (x86)/atmel/studio/7.0/toolchain/avr8/avr8-gnu-toolchain/bin/../lib/gcc/avr/4.9.2/avr5\libgcc.a(_umulhisi3.o)
 .text.libgcc.fixed
                0x00000000        0x0 c:/program files (x86)/atmel/studio/7.0/toolchain/avr8/avr8-gnu-toolchain/bin/../lib/gcc/avr/4.9.2/avr5\libgcc.a(_umulhisi3.o)
 .text          0x00000000        0x0 c:/program files (x86)/atmel/studio/7.0/toolchain/avr8/avr8-gnu-toolchain/bin/../lib/gcc/avr/4.9.2/avr5\libgcc.a(_muluhisi3.o)
 .data          0x00000000        0x0 c:/program files (x86)/atmel/studio/7.0/toolchain/avr8/avr8-gnu-toolchain/bin/../lib/gcc/avr/4.9.2/avr5\libgcc.a(_muluhisi3.o)
 .bss           0x00000000        0x0 c:/program files (x86)/atmel/studio/7.0/toolchain/avr8/avr8-gnu-toolchain/bin/../lib/gcc/avr/4.9.2/avr5\libgcc.a(_muluhisi3.o)
 .text.libgcc.div
                0x00000000        0x0 c:/program files (x86)/atmel/studio/7.0/toolchain/avr8/avr8-gnu-toolchain/bin/../lib/gcc/avr/4.9.2/avr5\libgcc.a(_muluhisi3.o)
 .text.libgcc   0x00000000        0x0 c:/program files (x86)/atmel/studio/7.0/toolchain/avr8/avr8-gnu-toolchain/bin/../lib/gcc/avr/4.9.2/avr5\libgcc.a(_muluhisi3.o)
 .text.libgcc.prologue
                0x00000000        0x0 c:/program files (x86)/atmel/studio/7.0/toolchain/avr8/avr8-gnu-toolchain/bin/../lib/gcc/avr/4.9.2/avr5\libgcc.a(_muluhisi3.o)
 .text.libgcc.builtins
                0x00000000        0x0 c:/program files (x86)/atmel/studio/7.0/toolchain/avr8/avr8-gnu-toolchain/bin/../lib/gcc/avr/4.9.2/avr5\libgcc.a(_muluhisi3.o)
 .text.libgcc.fmul
                0x00000000        0x0 c:/program files (x86)/atmel/studio/7.0/toolchain/avr8/avr8-gnu-toolchain/bin/../lib/gcc/avr/4.9.2/avr5\libgcc.a(_muluhisi3.o)
 .text.libgcc.fixed
                0x00000000        0x0 c:/program files (x86)/atmel/studio/7.0/toolchain/avr8/avr8-gnu-toolchain/bin/../lib/gcc/avr/4.9.2/avr5\libgcc.a(_muluhisi3.o)
 .text          0x00000000        0x0 c:/program files (x86)/atmel/studio/7.0/toolchain/avr8/avr8-gnu-toolchain/bin/../lib/gcc/avr/4.9.2/avr5\libgcc.a(_udivmodhi4.o)
 .data          0x00000000        0x0 c:/program files (x86)/atmel/studio/7.0/toolchain/avr8/avr8-gnu-toolchain/bin/../lib/gcc/avr/4.9.2/avr5\libgcc.a(_udivmodhi4.o)
 .bss           0x00000000        0x0 c:/program files (x86)/atmel/studio/7.0/toolchain/avr8/avr8-gnu-toolchain/bin/../lib/gcc/avr/4.9.2/avr5\libgcc.a(_udivmodhi4.o)
 .text.libgcc.mul
                0x00000000        0x0 c:/program files (x86)/atmel/studio/7.0/toolchain/avr8/avr8-gnu-toolchain/bin/../lib/gcc/avr/4.9.2/avr5\libgcc.a(_udivmodhi4.o)
 .text.libgcc   0x00000000        0x0 c:/program files (x86)/atmel/studio/7.0/toolchain/avr8/avr8-gnu-toolchain/bin/../lib/gcc/avr/4.9.2/avr5\libgcc.a(_udivmodhi4.o)
 .text.libgcc.prologue
                0x00000000        0x0 c:/program files (x86)/atmel/studio/7.0/toolchain/avr8/avr8-gnu-toolchain/bin/../lib/gcc/avr/4.9.2/avr5\libgcc.a(_udivmodhi4.o)
 .text.libgcc.builtins
                0x00000000        0x0 c:/program files (x86)/atmel/studio/7.0/toolchain/avr8/avr8-gnu-toolchain/bin/../lib/gcc/avr/4.9.2/avr5\libgcc.a(_udivmodhi4.o)
 .text.libgcc.fmul
                0x00000000        0x0 c:/program files (x86)/atmel/studio/7.0/toolchain/avr8/avr8-gnu-toolchain/bin/../lib/gcc/avr/4.9.2/avr5\libgcc.a(_udivmodhi4.o)
 .text.libgcc.fixed
                0x00000000        0x0 c:/program files (x86)/atmel/studio/7.0/toolchain/avr8/avr8-gnu-toolchain/bin/../lib/gcc/avr/4.9.2/avr5\libgcc.a(_udivmodhi4.o)
 .text          0x00000000        0x0 c:/program files (x86)/atmel/studio/7.0/toolchain/avr8/avr8-gnu-toolchain/bin/../lib/gcc/avr/4.9.2/../../../../avr/lib/avr5\libc.a(ltoa_ncheck.o)
 .data          0x00000000        0x0 c:/program files (x86)/atmel/studio/7.0/toolchain/avr8/avr8-gnu-toolchain/bin/../lib/gcc/avr/4.9.2/../../../../avr/lib/avr5\libc.a(ltoa_ncheck.o)
 .bss           0x00000000        0x0 c:/program files (x86)/atmel/studio/7.0/toolchain/avr8/avr8-gnu-toolchain/bin/../lib/gcc/avr/4.9.2/../../../../avr/lib/avr5\libc.a(ltoa_ncheck.o)
 .text          0x00000000        0x0 c:/program files (x86)/atmel/studio/7.0/toolchain/avr8/avr8-gnu-toolchain/bin/../lib/gcc/avr/4.9.2/../../../../avr/lib/avr5\libc.a(ultoa_ncheck.o)
 .data          0x00000000        0x0 c:/program files (x86)/atmel/studio/7.0/toolchain/avr8/avr8-gnu-toolchain/bin/../lib/gcc/avr/4.9.2/../../../../avr/lib/avr5\libc.a(ultoa_ncheck.o)
 .bss           0x00000000        0x0 c:/program files (x86)/atmel/studio/7.0/toolchain/avr8/avr8-gnu-toolchain/bin/../lib/gcc/avr/4.9.2/../../../../avr/lib/avr5\libc.a(ultoa_ncheck.o)
 .text          0x00000000        0x0 c:/program files (x86)/atmel/studio/7.0/toolchain/avr8/avr8-gnu-toolchain/bin/../lib/gcc/avr/4.9.2/../../../../avr/lib/avr5\libc.a(strrev.o)
 .data          0x00000000        0x0 c:/program files (x86)/atmel/studio/7.0/toolchain/avr8/avr8-gnu-toolchain/bin/../lib/gcc/avr/4.9.2/../../../../avr/lib/avr5\libc.a(strrev.o)
 .bss           0x00000000        0x0 c:/program files (x86)/atmel/studio/7.0/toolchain/avr8/avr8-gnu-toolchain/bin/../lib/gcc/avr/4.9.2/../../../../avr/lib/avr5\libc.a(strrev.o)

Memory Configuration

Name             Origin             Length             Attributes
text             0x00000000         0x00020000         xr
data             0x00800060         0x0000ffa0         rw !x
eeprom           0x00810000         0x00010000         rw !x
fuse             0x00820000         0x00000002         rw !x
lock             0x00830000         0x00000400         rw !x
signature        0x00840000         0x00000400         rw !x
user_signatures  0x00850000         0x00000400         rw !x
*default*        0x00000000         0xffffffff

Linker script and memory map

LOAD C:/Program Files (x86)/Atmel/Studio/7.0/Packs/atmel/ATmega_DFP/1.1.130/gcc/dev/atmega32/avr5/crtatmega32.o
LOAD APP/MAIN/Main.o
LOAD APP/WaterHeater/WaterHeater_Program.o
LOAD HAL/DISPLAY/LCD/LCD_Program.o
LOAD HAL/DISPLAY/SEVENSEGMENT/SEVSEG_Program.o
LOAD HAL/EEPROM_24C16N/EEPROM_24C16N_Program.o
LOAD HAL/LED/LED0/ON_LED_Program.o
LOAD HAL/LED/LED1/HEATING_LED_Program.o
LOAD HAL/LED/LED2/COOLING_LED_Program.o
LOAD HAL/RELAYs/COOLER/CoolerRelay_Program.o
LOAD HAL/RELAYs/HEATER/HeaterRelay_Program.o
LOAD HAL/TEMP_SENSOR/LM35/LM35_Program.o
LOAD MCAL/ADC/ADC_Program.o
LOAD MCAL/COMMUNICATION/I2C/TWI_Program.o
LOAD MCAL/DIO/DIO_Program.o
LOAD MCAL/INTERRUPT/Interrupts_Program.o
LOAD MCAL/TIMER/TIMER0/CTC/Timer0_CTC_Program.o
LOAD MCAL/TIMER/TIMER0/OVF/Timer0_OVF_Program.o
START GROUP
LOAD c:/program files (x86)/atmel/studio/7.0/toolchain/avr8/avr8-gnu-toolchain/bin/../lib/gcc/avr/4.9.2/../../../../avr/lib/avr5\libm.a
END GROUP
START GROUP
LOAD c:/program files (x86)/atmel/studio/7.0/toolchain/avr8/avr8-gnu-toolchain/bin/../lib/gcc/avr/4.9.2/avr5\libgcc.a
LOAD c:/program files (x86)/atmel/studio/7.0/toolchain/avr8/avr8-gnu-toolchain/bin/../lib/gcc/avr/4.9.2/../../../../avr/lib/avr5\libm.a
LOAD c:/program files (x86)/atmel/studio/7.0/toolchain/avr8/avr8-gnu-toolchain/bin/../lib/gcc/avr/4.9.2/../../../../avr/lib/avr5\libc.a
LOAD C:/Program Files (x86)/Atmel/Studio/7.0/Packs/atmel/ATmega_DFP/1.1.130/gcc/dev/atmega32/avr5\libatmega32.a
END GROUP
                0x00020000                __TEXT_REGION_LENGTH__ = DEFINED (__TEXT_REGION_LENGTH__)?__TEXT_REGION_LENGTH__:0x20000
                0x0000ffa0                __DATA_REGION_LENGTH__ = DEFINED (__DATA_REGION_LENGTH__)?__DATA_REGION_LENGTH__:0xffa0
                0x00010000                __EEPROM_REGION_LENGTH__ = DEFINED (__EEPROM_REGION_LENGTH__)?__EEPROM_REGION_LENGTH__:0x10000
                [0x00000002]                __FUSE_REGION_LENGTH__ = DEFINED (__FUSE_REGION_LENGTH__)?__FUSE_REGION_LENGTH__:0x400
                0x00000400                __LOCK_REGION_LENGTH__ = DEFINED (__LOCK_REGION_LENGTH__)?__LOCK_REGION_LENGTH__:0x400
                0x00000400                __SIGNATURE_REGION_LENGTH__ = DEFINED (__SIGNATURE_REGION_LENGTH__)?__SIGNATURE_REGION_LENGTH__:0x400
                0x00000400                __USER_SIGNATURE_REGION_LENGTH__ = DEFINED (__USER_SIGNATURE_REGION_LENGTH__)?__USER_SIGNATURE_REGION_LENGTH__:0x400

.hash
 *(.hash)

.dynsym
 *(.dynsym)

.dynstr
 *(.dynstr)

.gnu.version
 *(.gnu.version)

.gnu.version_d
 *(.gnu.version_d)

.gnu.version_r
 *(.gnu.version_r)

.rel.init
 *(.rel.init)

.rela.init
 *(.rela.init)

.rel.text
 *(.rel.text)
 *(.rel.text.*)
 *(.rel.gnu.linkonce.t*)

.rela.text
 *(.rela.text)
 *(.rela.text.*)
 *(.rela.gnu.linkonce.t*)

.rel.fini
 *(.rel.fini)

.rela.fini
 *(.rela.fini)

.rel.rodata
 *(.rel.rodata)
 *(.rel.rodata.*)
 *(.rel.gnu.linkonce.r*)

.rela.rodata
 *(.rela.rodata)
 *(.rela.rodata.*)
 *(.rela.gnu.linkonce.r*)

.rel.data
 *(.rel.data)
 *(.rel.data.*)
 *(.rel.gnu.linkonce.d*)

.rela.data
 *(.rela.data)
 *(.rela.data.*)
 *(.rela.gnu.linkonce.d*)

.rel.ctors
 *(.rel.ctors)

.rela.ctors
 *(.rela.ctors)

.rel.dtors
 *(.rel.dtors)

.rela.dtors
 *(.rela.dtors)

.rel.got
 *(.rel.got)

.rela.got
 *(.rela.got)

.rel.bss
 *(.rel.bss)

.rela.bss
 *(.rela.bss)

.rel.plt
 *(.rel.plt)

.rela.plt
 *(.rela.plt)

.text           0x00000000     0x1098
 *(.vectors)
 .vectors       0x00000000       0x54 C:/Program Files (x86)/Atmel/Studio/7.0/Packs/atmel/ATmega_DFP/1.1.130/gcc/dev/atmega32/avr5/crtatmega32.o
                0x00000000                __vector_default
                0x00000000                __vectors
 *(.vectors)
 *(.progmem.gcc*)
 .progmem.gcc_sw_table.ADC_Read
                0x00000054       0x10 MCAL/ADC/ADC_Program.o
                0x00000064                . = ALIGN (0x2)
                0x00000064                __trampolines_start = .
 *(.trampolines)
 .trampolines   0x00000064        0x0 linker stubs
 *(.trampolines*)
                0x00000064                __trampolines_end = .
 *libprintf_flt.a:*(.progmem.data)
 *libc.a:*(.progmem.data)
 *(.progmem*)
                0x00000064                . = ALIGN (0x2)
 *(.jumptables)
 *(.jumptables*)
 *(.lowtext)
 *(.lowtext*)
                0x00000064                __ctors_start = .
 *(.ctors)
                0x00000064                __ctors_end = .
                0x00000064                __dtors_start = .
 *(.dtors)
                0x00000064                __dtors_end = .
 SORT(*)(.ctors)
 SORT(*)(.dtors)
 *(.init0)
 .init0         0x00000064        0x0 C:/Program Files (x86)/Atmel/Studio/7.0/Packs/atmel/ATmega_DFP/1.1.130/gcc/dev/atmega32/avr5/crtatmega32.o
                0x00000064                __init
 *(.init0)
 *(.init1)
 *(.init1)
 *(.init2)
 .init2         0x00000064        0xc C:/Program Files (x86)/Atmel/Studio/7.0/Packs/atmel/ATmega_DFP/1.1.130/gcc/dev/atmega32/avr5/crtatmega32.o
 *(.init2)
 *(.init3)
 *(.init3)
 *(.init4)
 .init4         0x00000070       0x16 c:/program files (x86)/atmel/studio/7.0/toolchain/avr8/avr8-gnu-toolchain/bin/../lib/gcc/avr/4.9.2/avr5\libgcc.a(_copy_data.o)
                0x00000070                __do_copy_data
 .init4         0x00000086       0x10 c:/program files (x86)/atmel/studio/7.0/toolchain/avr8/avr8-gnu-toolchain/bin/../lib/gcc/avr/4.9.2/avr5\libgcc.a(_clear_bss.o)
                0x00000086                __do_clear_bss
 *(.init4)
 *(.init5)
 *(.init5)
 *(.init6)
 *(.init6)
 *(.init7)
 *(.init7)
 *(.init8)
 *(.init8)
 *(.init9)
 .init9         0x00000096        0x8 C:/Program Files (x86)/Atmel/Studio/7.0/Packs/atmel/ATmega_DFP/1.1.130/gcc/dev/atmega32/avr5/crtatmega32.o
 *(.init9)
 *(.text)
 .text          0x0000009e        0x4 C:/Program Files (x86)/Atmel/Studio/7.0/Packs/atmel/ATmega_DFP/1.1.130/gcc/dev/atmega32/avr5/crtatmega32.o
                0x0000009e                __vector_12
                0x0000009e                __bad_interrupt
                0x0000009e                __vector_6
                0x0000009e                __vector_13
                0x0000009e                __vector_17
                0x0000009e                __vector_19
                0x0000009e                __vector_7
                0x0000009e                __vector_5
                0x0000009e                __vector_4
                0x0000009e                __vector_9
                0x0000009e                __vector_15
                0x0000009e                __vector_8
                0x0000009e                __vector_14
                0x0000009e                __vector_10
                0x0000009e                __vector_16
                0x0000009e                __vector_18
                0x0000009e                __vector_20
                0x000000a2                . = ALIGN (0x2)
 *(.text.*)
 .text.main     0x000000a2        0xa APP/MAIN/Main.o
                0x000000a2                main
 .text.Handle_TemperatureSetting
                0x000000ac       0x3a APP/WaterHeater/WaterHeater_Program.o
                0x000000ac                Handle_TemperatureSetting
 .text.Retrieve_Temperature_From_EEPROM
                0x000000e6       0x1e APP/WaterHeater/WaterHeater_Program.o
                0x000000e6                Retrieve_Temperature_From_EEPROM
 .text.System_Initialize
                0x00000104       0x5a APP/WaterHeater/WaterHeater_Program.o
                0x00000104                System_Initialize
 .text.Save_Temperature_To_EEPROM
                0x0000015e        0xe APP/WaterHeater/WaterHeater_Program.o
                0x0000015e                Save_Temperature_To_EEPROM
 .text.__vector_1
                0x0000016c       0xc8 APP/WaterHeater/WaterHeater_Program.o
                0x0000016c                __vector_1
 .text.__vector_2
                0x00000234       0xc8 APP/WaterHeater/WaterHeater_Program.o
                0x00000234                __vector_2
 .text.System_Off
                0x000002fc       0x1a APP/WaterHeater/WaterHeater_Program.o
                0x000002fc                System_Off
 .text.__vector_3
                0x00000316       0x90 APP/WaterHeater/WaterHeater_Program.o
                0x00000316                __vector_3
 .text.WaterHeater
                0x000003a6       0x44 APP/WaterHeater/WaterHeater_Program.o
                0x000003a6                WaterHeater
 .text.heating  0x000003ea       0x28 APP/WaterHeater/WaterHeater_Program.o
                0x000003ea                heating
 .text.cooling  0x00000412       0x12 APP/WaterHeater/WaterHeater_Program.o
                0x00000412                cooling
 .text.ManageHeating
                0x00000424       0xbc APP/WaterHeater/WaterHeater_Program.o
                0x00000424                ManageHeating
 .text.__vector_11
                0x000004e0       0xb6 APP/WaterHeater/WaterHeater_Program.o
                0x000004e0                __vector_11
 .text.LCD_Write_Command
                0x00000596       0x90 HAL/DISPLAY/LCD/LCD_Program.o
                0x00000596                LCD_Write_Command
 .text.LCD_Initialize
                0x00000626       0x7e HAL/DISPLAY/LCD/LCD_Program.o
                0x00000626                LCD_Initialize
 .text.LCD_Write_Character
                0x000006a4       0x90 HAL/DISPLAY/LCD/LCD_Program.o
                0x000006a4                LCD_Write_Character
 .text.LCD_Write_String
                0x00000734       0x2a HAL/DISPLAY/LCD/LCD_Program.o
                0x00000734                LCD_Write_String
 .text.LCD_Write_IntegerNumber
                0x0000075e       0x3a HAL/DISPLAY/LCD/LCD_Program.o
                0x0000075e                LCD_Write_IntegerNumber
 .text.LCD_Write_Location
                0x00000798       0x30 HAL/DISPLAY/LCD/LCD_Program.o
                0x00000798                LCD_Write_Location
 .text.SEVSENSEGMENT_Initialize
                0x000007c8       0x48 HAL/DISPLAY/SEVENSEGMENT/SEVSEG_Program.o
                0x000007c8                SEVSENSEGMENT_Initialize
 .text.SEVSENSEGMENT_EnableSegment1
                0x00000810       0x16 HAL/DISPLAY/SEVENSEGMENT/SEVSEG_Program.o
                0x00000810                SEVSENSEGMENT_EnableSegment1
 .text.SEVSENSEGMENT_DisableSegment1
                0x00000826       0x16 HAL/DISPLAY/SEVENSEGMENT/SEVSEG_Program.o
                0x00000826                SEVSENSEGMENT_DisableSegment1
 .text.SEVSENSEGMENT_EnableSegment2
                0x0000083c       0x16 HAL/DISPLAY/SEVENSEGMENT/SEVSEG_Program.o
                0x0000083c                SEVSENSEGMENT_EnableSegment2
 .text.SEVSENSEGMENT_DisableSegment2
                0x00000852       0x16 HAL/DISPLAY/SEVENSEGMENT/SEVSEG_Program.o
                0x00000852                SEVSENSEGMENT_DisableSegment2
 .text.SEVSENSEGMENT_DisplayNumber
                0x00000868       0x68 HAL/DISPLAY/SEVENSEGMENT/SEVSEG_Program.o
                0x00000868                SEVSENSEGMENT_DisplayNumber
 .text.SEVSENSEGMENT_OFF
                0x000008d0        0xa HAL/DISPLAY/SEVENSEGMENT/SEVSEG_Program.o
                0x000008d0                SEVSENSEGMENT_OFF
 .text.EEPROM_Initialize
                0x000008da        0x8 HAL/EEPROM_24C16N/EEPROM_24C16N_Program.o
                0x000008da                EEPROM_Initialize
 .text.EEPROM_Write_DataByte
                0x000008e2       0x3e HAL/EEPROM_24C16N/EEPROM_24C16N_Program.o
                0x000008e2                EEPROM_Write_DataByte
 .text.EEPROM_Read_DataByte
                0x00000920       0x5c HAL/EEPROM_24C16N/EEPROM_24C16N_Program.o
                0x00000920                EEPROM_Read_DataByte
 .text.ON_LED_Initialize
                0x0000097c        0xc HAL/LED/LED0/ON_LED_Program.o
                0x0000097c                ON_LED_Initialize
 .text.ON_LED_ON
                0x00000988        0xc HAL/LED/LED0/ON_LED_Program.o
                0x00000988                ON_LED_ON
 .text.ON_LED_OFF
                0x00000994        0xc HAL/LED/LED0/ON_LED_Program.o
                0x00000994                ON_LED_OFF
 .text.HEATING_LED_Initialize
                0x000009a0        0xc HAL/LED/LED1/HEATING_LED_Program.o
                0x000009a0                HEATING_LED_Initialize
 .text.HEATING_LED_OFF
                0x000009ac        0xc HAL/LED/LED1/HEATING_LED_Program.o
                0x000009ac                HEATING_LED_OFF
 .text.HEATING_LED_TGL
                0x000009b8        0xa HAL/LED/LED1/HEATING_LED_Program.o
                0x000009b8                HEATING_LED_TGL
 .text.COOLING_LED_Initialize
                0x000009c2        0xc HAL/LED/LED2/COOLING_LED_Program.o
                0x000009c2                COOLING_LED_Initialize
 .text.COOLING_LED_ON
                0x000009ce        0xc HAL/LED/LED2/COOLING_LED_Program.o
                0x000009ce                COOLING_LED_ON
 .text.COOLING_LED_OFF
                0x000009da        0xc HAL/LED/LED2/COOLING_LED_Program.o
                0x000009da                COOLING_LED_OFF
 .text.CoolerRelay_Initialize
                0x000009e6        0xc HAL/RELAYs/COOLER/CoolerRelay_Program.o
                0x000009e6                CoolerRelay_Initialize
 .text.CoolerRelay_On
                0x000009f2        0xc HAL/RELAYs/COOLER/CoolerRelay_Program.o
                0x000009f2                CoolerRelay_On
 .text.CoolerRelay_Off
                0x000009fe        0xc HAL/RELAYs/COOLER/CoolerRelay_Program.o
                0x000009fe                CoolerRelay_Off
 .text.HeaterRelay_Initialize
                0x00000a0a        0xc HAL/RELAYs/HEATER/HeaterRelay_Program.o
                0x00000a0a                HeaterRelay_Initialize
 .text.HeaterRelay_On
                0x00000a16        0xc HAL/RELAYs/HEATER/HeaterRelay_Program.o
                0x00000a16                HeaterRelay_On
 .text.HeaterRelay_Off
                0x00000a22        0xc HAL/RELAYs/HEATER/HeaterRelay_Program.o
                0x00000a22                HeaterRelay_Off
 .text.LM35_Initialize
                0x00000a2e        0xa HAL/TEMP_SENSOR/LM35/LM35_Program.o
                0x00000a2e                LM35_Initialize
 .text.LM35_ReadTemperature
                0x00000a38       0x32 HAL/TEMP_SENSOR/LM35/LM35_Program.o
                0x00000a38                LM35_ReadTemperature
 .text.ADC_Initialize_WithoutInterrupt
                0x00000a6a       0x12 MCAL/ADC/ADC_Program.o
                0x00000a6a                ADC_Initialize_WithoutInterrupt
 .text.ADC_Read
                0x00000a7c       0x52 MCAL/ADC/ADC_Program.o
                0x00000a7c                ADC_Read
 .text.TWI_voidPeripheralInitialize
                0x00000ace       0x1a MCAL/COMMUNICATION/I2C/TWI_Program.o
                0x00000ace                TWI_voidPeripheralInitialize
 .text.TWI_voidMasterSendStartCondition
                0x00000ae8       0x20 MCAL/COMMUNICATION/I2C/TWI_Program.o
                0x00000ae8                TWI_voidMasterSendStartCondition
 .text.TWI_voidMasterSendStopCondition
                0x00000b08        0x6 MCAL/COMMUNICATION/I2C/TWI_Program.o
                0x00000b08                TWI_voidMasterSendStopCondition
 .text.TWI_voidMasterSendRepeatedStartCondition
                0x00000b0e       0x14 MCAL/COMMUNICATION/I2C/TWI_Program.o
                0x00000b0e                TWI_voidMasterSendRepeatedStartCondition
 .text.TWI_voidMasterSendSlaveAddressWithWriteOperation
                0x00000b22       0x24 MCAL/COMMUNICATION/I2C/TWI_Program.o
                0x00000b22                TWI_voidMasterSendSlaveAddressWithWriteOperation
 .text.TWI_voidMasterSendSlaveAddressWithReadOperation
                0x00000b46       0x20 MCAL/COMMUNICATION/I2C/TWI_Program.o
                0x00000b46                TWI_voidMasterSendSlaveAddressWithReadOperation
 .text.TWI_voidMasterTransmitDataByteWithACK
                0x00000b66       0x18 MCAL/COMMUNICATION/I2C/TWI_Program.o
                0x00000b66                TWI_voidMasterTransmitDataByteWithACK
 .text.TWI_voidMasterReceiveDataByteWithNoACK
                0x00000b7e       0x1a MCAL/COMMUNICATION/I2C/TWI_Program.o
                0x00000b7e                TWI_voidMasterReceiveDataByteWithNoACK
 .text.DIO_SetPinDirection
                0x00000b98       0xe2 MCAL/DIO/DIO_Program.o
                0x00000b98                DIO_SetPinDirection
 .text.DIO_SetPinValue
                0x00000c7a       0xe2 MCAL/DIO/DIO_Program.o
                0x00000c7a                DIO_SetPinValue
 .text.DIO_TogglePinDirection
                0x00000d5c       0x68 MCAL/DIO/DIO_Program.o
                0x00000d5c                DIO_TogglePinDirection
 .text.External_Interrupt_Initialization
                0x00000dc4       0xea MCAL/INTERRUPT/Interrupts_Program.o
                0x00000dc4                External_Interrupt_Initialization
 .text.Timer0_OVF_WithInterrupt_Initialize
                0x00000eae       0x10 MCAL/TIMER/TIMER0/OVF/Timer0_OVF_Program.o
                0x00000eae                Timer0_OVF_WithInterrupt_Initialize
 .text.Timer0_OVF_WithInterrupt_Start
                0x00000ebe       0x2c MCAL/TIMER/TIMER0/OVF/Timer0_OVF_Program.o
                0x00000ebe                Timer0_OVF_WithInterrupt_Start
 .text.Timer0_OVF_WithInterrupt_SetDelay
                0x00000eea       0x54 MCAL/TIMER/TIMER0/OVF/Timer0_OVF_Program.o
                0x00000eea                Timer0_OVF_WithInterrupt_SetDelay
 .text.libgcc.div
                0x00000f3e       0x28 c:/program files (x86)/atmel/studio/7.0/toolchain/avr8/avr8-gnu-toolchain/bin/../lib/gcc/avr/4.9.2/avr5\libgcc.a(_divmodhi4.o)
                0x00000f3e                _div
                0x00000f3e                __divmodhi4
 .text.libgcc.div
                0x00000f66       0x44 c:/program files (x86)/atmel/studio/7.0/toolchain/avr8/avr8-gnu-toolchain/bin/../lib/gcc/avr/4.9.2/avr5\libgcc.a(_udivmodsi4.o)
                0x00000f66                __udivmodsi4
 .text.libgcc   0x00000faa        0xc c:/program files (x86)/atmel/studio/7.0/toolchain/avr8/avr8-gnu-toolchain/bin/../lib/gcc/avr/4.9.2/avr5\libgcc.a(_tablejump2.o)
                0x00000faa                __tablejump2__
 .text.libgcc.mul
                0x00000fb6       0x1e c:/program files (x86)/atmel/studio/7.0/toolchain/avr8/avr8-gnu-toolchain/bin/../lib/gcc/avr/4.9.2/avr5\libgcc.a(_umulhisi3.o)
                0x00000fb6                __umulhisi3
 .text.libgcc.mul
                0x00000fd4       0x16 c:/program files (x86)/atmel/studio/7.0/toolchain/avr8/avr8-gnu-toolchain/bin/../lib/gcc/avr/4.9.2/avr5\libgcc.a(_muluhisi3.o)
                0x00000fd4                __muluhisi3
 .text.libgcc.div
                0x00000fea       0x28 c:/program files (x86)/atmel/studio/7.0/toolchain/avr8/avr8-gnu-toolchain/bin/../lib/gcc/avr/4.9.2/avr5\libgcc.a(_udivmodhi4.o)
                0x00000fea                __udivmodhi4
 .text.avr-libc
                0x00001012       0x1e c:/program files (x86)/atmel/studio/7.0/toolchain/avr8/avr8-gnu-toolchain/bin/../lib/gcc/avr/4.9.2/../../../../avr/lib/avr5\libc.a(ltoa_ncheck.o)
                0x00001012                __ltoa_ncheck
 .text.avr-libc
                0x00001030       0x44 c:/program files (x86)/atmel/studio/7.0/toolchain/avr8/avr8-gnu-toolchain/bin/../lib/gcc/avr/4.9.2/../../../../avr/lib/avr5\libc.a(ultoa_ncheck.o)
                0x00001030                __ultoa_ncheck
                0x00001032                __ultoa_common
 .text.avr-libc
                0x00001074       0x20 c:/program files (x86)/atmel/studio/7.0/toolchain/avr8/avr8-gnu-toolchain/bin/../lib/gcc/avr/4.9.2/../../../../avr/lib/avr5\libc.a(strrev.o)
                0x00001074                strrev
                0x00001094                . = ALIGN (0x2)
 *(.fini9)
 .fini9         0x00001094        0x0 c:/program files (x86)/atmel/studio/7.0/toolchain/avr8/avr8-gnu-toolchain/bin/../lib/gcc/avr/4.9.2/avr5\libgcc.a(_exit.o)
                0x00001094                _exit
                0x00001094                exit
 *(.fini9)
 *(.fini8)
 *(.fini8)
 *(.fini7)
 *(.fini7)
 *(.fini6)
 *(.fini6)
 *(.fini5)
 *(.fini5)
 *(.fini4)
 *(.fini4)
 *(.fini3)
 *(.fini3)
 *(.fini2)
 *(.fini2)
 *(.fini1)
 *(.fini1)
 *(.fini0)
 .fini0         0x00001094        0x4 c:/program files (x86)/atmel/studio/7.0/toolchain/avr8/avr8-gnu-toolchain/bin/../lib/gcc/avr/4.9.2/avr5\libgcc.a(_exit.o)
 *(.fini0)
                0x00001098                _etext = .

.data           0x00800060        0x2 load address 0x00001098
                0x00800060                PROVIDE (__data_start, .)
 *(.data)
 *(.data*)
 .data.g_SetTemperature
                0x00800060        0x1 APP/WaterHeater/WaterHeater_Program.o
                0x00800060                g_SetTemperature
 *(.rodata)
 *(.rodata*)
 *(.gnu.linkonce.d*)
                0x00800062                . = ALIGN (0x2)
 *fill*         0x00800061        0x1 
                0x00800062                _edata = .
                0x00800062                PROVIDE (__data_end, .)

.bss            0x00800062       0x1c
                0x00800062                PROVIDE (__bss_start, .)
 *(.bss)
 *(.bss*)
 .bss.count.2545
                0x00800062        0x1 APP/WaterHeater/WaterHeater_Program.o
 .bss.g_TempIndex
                0x00800063        0x1 APP/WaterHeater/WaterHeater_Program.o
 .bss.g_TempHistory
                0x00800064        0xa APP/WaterHeater/WaterHeater_Program.o
 .bss.g_BlinkFlag
                0x0080006e        0x1 APP/WaterHeater/WaterHeater_Program.o
                0x0080006e                g_BlinkFlag
 .bss.g_Ticks   0x0080006f        0x4 APP/WaterHeater/WaterHeater_Program.o
                0x0080006f                g_Ticks
 .bss.g_heating
                0x00800073        0x1 APP/WaterHeater/WaterHeater_Program.o
                0x00800073                g_heating
 .bss.g_lastInteractionTime
                0x00800074        0x2 APP/WaterHeater/WaterHeater_Program.o
                0x00800074                g_lastInteractionTime
 .bss.g_TemperatureSettingMode
                0x00800076        0x1 APP/WaterHeater/WaterHeater_Program.o
                0x00800076                g_TemperatureSettingMode
 .bss.g_HeaterState
                0x00800077        0x1 APP/WaterHeater/WaterHeater_Program.o
                0x00800077                g_HeaterState
 .bss.g_CurrentTemperature
                0x00800078        0x1 APP/WaterHeater/WaterHeater_Program.o
                0x00800078                g_CurrentTemperature
 .bss._T0_OVF_iValue
                0x00800079        0x1 MCAL/TIMER/TIMER0/OVF/Timer0_OVF_Program.o
                0x00800079                _T0_OVF_iValue
 .bss._T0_OVF_Count
                0x0080007a        0x4 MCAL/TIMER/TIMER0/OVF/Timer0_OVF_Program.o
                0x0080007a                _T0_OVF_Count
 *(COMMON)
                0x0080007e                PROVIDE (__bss_end, .)
                0x00001098                __data_load_start = LOADADDR (.data)
                0x0000109a                __data_load_end = (__data_load_start + SIZEOF (.data))

.noinit         0x0080007e        0x0
                [!provide]                PROVIDE (__noinit_start, .)
 *(.noinit*)
                [!provide]                PROVIDE (__noinit_end, .)
                0x0080007e                _end = .
                [!provide]                PROVIDE (__heap_start, .)

.eeprom         0x00810000        0x0
 *(.eeprom*)
                0x00810000                __eeprom_end = .

.fuse
 *(.fuse)
 *(.lfuse)
 *(.hfuse)
 *(.efuse)

.lock
 *(.lock*)

.signature
 *(.signature*)

.user_signatures
 *(.user_signatures*)

.stab
 *(.stab)

.stabstr
 *(.stabstr)

.stab.excl
 *(.stab.excl)

.stab.exclstr
 *(.stab.exclstr)

.stab.index
 *(.stab.index)

.stab.indexstr
 *(.stab.indexstr)

.comment        0x00000000       0x30
 *(.comment)
 .comment       0x00000000       0x30 APP/MAIN/Main.o
                                 0x31 (size before relaxing)
 .comment       0x00000030       0x31 APP/WaterHeater/WaterHeater_Program.o
 .comment       0x00000030       0x31 HAL/DISPLAY/LCD/LCD_Program.o
 .comment       0x00000030       0x31 HAL/DISPLAY/SEVENSEGMENT/SEVSEG_Program.o
 .comment       0x00000030       0x31 HAL/EEPROM_24C16N/EEPROM_24C16N_Program.o
 .comment       0x00000030       0x31 HAL/LED/LED0/ON_LED_Program.o
 .comment       0x00000030       0x31 HAL/LED/LED1/HEATING_LED_Program.o
 .comment       0x00000030       0x31 HAL/LED/LED2/COOLING_LED_Program.o
 .comment       0x00000030       0x31 HAL/RELAYs/COOLER/CoolerRelay_Program.o
 .comment       0x00000030       0x31 HAL/RELAYs/HEATER/HeaterRelay_Program.o
 .comment       0x00000030       0x31 HAL/TEMP_SENSOR/LM35/LM35_Program.o
 .comment       0x00000030       0x31 MCAL/ADC/ADC_Program.o
 .comment       0x00000030       0x31 MCAL/COMMUNICATION/I2C/TWI_Program.o
 .comment       0x00000030       0x31 MCAL/DIO/DIO_Program.o
 .comment       0x00000030       0x31 MCAL/INTERRUPT/Interrupts_Program.o
 .comment       0x00000030       0x31 MCAL/TIMER/TIMER0/OVF/Timer0_OVF_Program.o

.note.gnu.avr.deviceinfo
                0x00000000       0x3c
 .note.gnu.avr.deviceinfo
                0x00000000       0x3c C:/Program Files (x86)/Atmel/Studio/7.0/Packs/atmel/ATmega_DFP/1.1.130/gcc/dev/atmega32/avr5/crtatmega32.o

.note.gnu.build-id
 *(.note.gnu.build-id)

.debug
 *(.debug)

.line
 *(.line)

.debug_srcinfo
 *(.debug_srcinfo)

.debug_sfnames
 *(.debug_sfnames)

.debug_aranges  0x00000000      0x450
 *(.debug_aranges)
 .debug_aranges
                0x00000000       0x20 APP/MAIN/Main.o
 .debug_aranges
                0x00000020       0x80 APP/WaterHeater/WaterHeater_Program.o
 .debug_aranges
                0x000000a0       0x78 HAL/DISPLAY/LCD/LCD_Program.o
 .debug_aranges
                0x00000118       0x60 HAL/DISPLAY/SEVENSEGMENT/SEVSEG_Program.o
 .debug_aranges
                0x00000178       0x30 HAL/EEPROM_24C16N/EEPROM_24C16N_Program.o
 .debug_aranges
                0x000001a8       0x38 HAL/LED/LED0/ON_LED_Program.o
 .debug_aranges
                0x000001e0       0x38 HAL/LED/LED1/HEATING_LED_Program.o
 .debug_aranges
                0x00000218       0x38 HAL/LED/LED2/COOLING_LED_Program.o
 .debug_aranges
                0x00000250       0x30 HAL/RELAYs/COOLER/CoolerRelay_Program.o
 .debug_aranges
                0x00000280       0x30 HAL/RELAYs/HEATER/HeaterRelay_Program.o
 .debug_aranges
                0x000002b0       0x28 HAL/TEMP_SENSOR/LM35/LM35_Program.o
 .debug_aranges
                0x000002d8       0x30 MCAL/ADC/ADC_Program.o
 .debug_aranges
                0x00000308       0x88 MCAL/COMMUNICATION/I2C/TWI_Program.o
 .debug_aranges
                0x00000390       0x40 MCAL/DIO/DIO_Program.o
 .debug_aranges
                0x000003d0       0x20 MCAL/INTERRUPT/Interrupts_Program.o
 .debug_aranges
                0x000003f0       0x60 MCAL/TIMER/TIMER0/OVF/Timer0_OVF_Program.o

.debug_pubnames
 *(.debug_pubnames)

.debug_info     0x00000000     0x3dac
 *(.debug_info .gnu.linkonce.wi.*)
 .debug_info    0x00000000      0x4e6 C:/Program Files (x86)/Atmel/Studio/7.0/Packs/atmel/ATmega_DFP/1.1.130/gcc/dev/atmega32/avr5/crtatmega32.o
 .debug_info    0x000004e6       0xb7 APP/MAIN/Main.o
 .debug_info    0x0000059d      0x8ed APP/WaterHeater/WaterHeater_Program.o
 .debug_info    0x00000e8a      0xcbc HAL/DISPLAY/LCD/LCD_Program.o
 .debug_info    0x00001b46      0x559 HAL/DISPLAY/SEVENSEGMENT/SEVSEG_Program.o
 .debug_info    0x0000209f      0x43a HAL/EEPROM_24C16N/EEPROM_24C16N_Program.o
 .debug_info    0x000024d9      0x251 HAL/LED/LED0/ON_LED_Program.o
 .debug_info    0x0000272a      0x251 HAL/LED/LED1/HEATING_LED_Program.o
 .debug_info    0x0000297b      0x251 HAL/LED/LED2/COOLING_LED_Program.o
 .debug_info    0x00002bcc      0x209 HAL/RELAYs/COOLER/CoolerRelay_Program.o
 .debug_info    0x00002dd5      0x209 HAL/RELAYs/HEATER/HeaterRelay_Program.o
 .debug_info    0x00002fde      0x200 HAL/TEMP_SENSOR/LM35/LM35_Program.o
 .debug_info    0x000031de      0x1f4 MCAL/ADC/ADC_Program.o
 .debug_info    0x000033d2      0x3ce MCAL/COMMUNICATION/I2C/TWI_Program.o
 .debug_info    0x000037a0      0x27c MCAL/DIO/DIO_Program.o
 .debug_info    0x00003a1c      0x115 MCAL/INTERRUPT/Interrupts_Program.o
 .debug_info    0x00003b31      0x27b MCAL/TIMER/TIMER0/OVF/Timer0_OVF_Program.o

.debug_abbrev   0x00000000     0x14c7
 *(.debug_abbrev)
 .debug_abbrev  0x00000000      0x4a3 C:/Program Files (x86)/Atmel/Studio/7.0/Packs/atmel/ATmega_DFP/1.1.130/gcc/dev/atmega32/avr5/crtatmega32.o
 .debug_abbrev  0x000004a3       0x64 APP/MAIN/Main.o
 .debug_abbrev  0x00000507      0x1b7 APP/WaterHeater/WaterHeater_Program.o
 .debug_abbrev  0x000006be      0x29e HAL/DISPLAY/LCD/LCD_Program.o
 .debug_abbrev  0x0000095c      0x16c HAL/DISPLAY/SEVENSEGMENT/SEVSEG_Program.o
 .debug_abbrev  0x00000ac8      0x1a0 HAL/EEPROM_24C16N/EEPROM_24C16N_Program.o
 .debug_abbrev  0x00000c68       0xab HAL/LED/LED0/ON_LED_Program.o
 .debug_abbrev  0x00000d13       0xab HAL/LED/LED1/HEATING_LED_Program.o
 .debug_abbrev  0x00000dbe       0xab HAL/LED/LED2/COOLING_LED_Program.o
 .debug_abbrev  0x00000e69       0xab HAL/RELAYs/COOLER/CoolerRelay_Program.o
 .debug_abbrev  0x00000f14       0xab HAL/RELAYs/HEATER/HeaterRelay_Program.o
 .debug_abbrev  0x00000fbf       0xd8 HAL/TEMP_SENSOR/LM35/LM35_Program.o
 .debug_abbrev  0x00001097       0xa1 MCAL/ADC/ADC_Program.o
 .debug_abbrev  0x00001138      0x120 MCAL/COMMUNICATION/I2C/TWI_Program.o
 .debug_abbrev  0x00001258       0xd9 MCAL/DIO/DIO_Program.o
 .debug_abbrev  0x00001331       0x85 MCAL/INTERRUPT/Interrupts_Program.o
 .debug_abbrev  0x000013b6      0x111 MCAL/TIMER/TIMER0/OVF/Timer0_OVF_Program.o

.debug_line     0x00000000     0x21d9
 *(.debug_line .debug_line.* .debug_line_end)
 .debug_line    0x00000000      0x115 C:/Program Files (x86)/Atmel/Studio/7.0/Packs/atmel/ATmega_DFP/1.1.130/gcc/dev/atmega32/avr5/crtatmega32.o
 .debug_line    0x00000115       0x7a APP/MAIN/Main.o
 .debug_line    0x0000018f      0x68c APP/WaterHeater/WaterHeater_Program.o
 .debug_line    0x0000081b      0x4e4 HAL/DISPLAY/LCD/LCD_Program.o
 .debug_line    0x00000cff      0x299 HAL/DISPLAY/SEVENSEGMENT/SEVSEG_Program.o
 .debug_line    0x00000f98      0x210 HAL/EEPROM_24C16N/EEPROM_24C16N_Program.o
 .debug_line    0x000011a8       0xcc HAL/LED/LED0/ON_LED_Program.o
 .debug_line    0x00001274       0xd1 HAL/LED/LED1/HEATING_LED_Program.o
 .debug_line    0x00001345       0xd1 HAL/LED/LED2/COOLING_LED_Program.o
 .debug_line    0x00001416       0xc0 HAL/RELAYs/COOLER/CoolerRelay_Program.o
 .debug_line    0x000014d6       0xc0 HAL/RELAYs/HEATER/HeaterRelay_Program.o
 .debug_line    0x00001596      0x118 HAL/TEMP_SENSOR/LM35/LM35_Program.o
 .debug_line    0x000016ae      0x180 MCAL/ADC/ADC_Program.o
 .debug_line    0x0000182e      0x3e9 MCAL/COMMUNICATION/I2C/TWI_Program.o
 .debug_line    0x00001c17      0x1ec MCAL/DIO/DIO_Program.o
 .debug_line    0x00001e03      0x1a6 MCAL/INTERRUPT/Interrupts_Program.o
 .debug_line    0x00001fa9      0x230 MCAL/TIMER/TIMER0/OVF/Timer0_OVF_Program.o

.debug_frame    0x00000000      0x908
 *(.debug_frame)
 .debug_frame   0x00000000       0x24 APP/MAIN/Main.o
 .debug_frame   0x00000024      0x204 APP/WaterHeater/WaterHeater_Program.o
 .debug_frame   0x00000228      0x18c HAL/DISPLAY/LCD/LCD_Program.o
 .debug_frame   0x000003b4       0xb0 HAL/DISPLAY/SEVENSEGMENT/SEVSEG_Program.o
 .debug_frame   0x00000464       0x70 HAL/EEPROM_24C16N/EEPROM_24C16N_Program.o
 .debug_frame   0x000004d4       0x54 HAL/LED/LED0/ON_LED_Program.o
 .debug_frame   0x00000528       0x54 HAL/LED/LED1/HEATING_LED_Program.o
 .debug_frame   0x0000057c       0x54 HAL/LED/LED2/COOLING_LED_Program.o
 .debug_frame   0x000005d0       0x44 HAL/RELAYs/COOLER/CoolerRelay_Program.o
 .debug_frame   0x00000614       0x44 HAL/RELAYs/HEATER/HeaterRelay_Program.o
 .debug_frame   0x00000658       0x34 HAL/TEMP_SENSOR/LM35/LM35_Program.o
 .debug_frame   0x0000068c       0x44 MCAL/ADC/ADC_Program.o
 .debug_frame   0x000006d0       0xf4 MCAL/COMMUNICATION/I2C/TWI_Program.o
 .debug_frame   0x000007c4       0x64 MCAL/DIO/DIO_Program.o
 .debug_frame   0x00000828       0x24 MCAL/INTERRUPT/Interrupts_Program.o
 .debug_frame   0x0000084c       0xbc MCAL/TIMER/TIMER0/OVF/Timer0_OVF_Program.o

.debug_str      0x00000000     0x1547
 *(.debug_str)
 .debug_str     0x00000000      0x196 C:/Program Files (x86)/Atmel/Studio/7.0/Packs/atmel/ATmega_DFP/1.1.130/gcc/dev/atmega32/avr5/crtatmega32.o
 .debug_str     0x00000196      0x16d APP/MAIN/Main.o
                                0x1a6 (size before relaxing)
 .debug_str     0x00000303      0x5c8 APP/WaterHeater/WaterHeater_Program.o
                                0x75e (size before relaxing)
 .debug_str     0x000008cb      0x26c HAL/DISPLAY/LCD/LCD_Program.o
                                0x4b8 (size before relaxing)
 .debug_str     0x00000b37       0xf8 HAL/DISPLAY/SEVENSEGMENT/SEVSEG_Program.o
                                0x3e9 (size before relaxing)
 .debug_str     0x00000c2f      0x39c HAL/EEPROM_24C16N/EEPROM_24C16N_Program.o
                                0x5b0 (size before relaxing)
 .debug_str     0x00000fcb       0x43 HAL/LED/LED0/ON_LED_Program.o
                                0x2c8 (size before relaxing)
 .debug_str     0x0000100e       0x35 HAL/LED/LED1/HEATING_LED_Program.o
                                0x2e1 (size before relaxing)
 .debug_str     0x00001043       0x36 HAL/LED/LED2/COOLING_LED_Program.o
                                0x2e1 (size before relaxing)
 .debug_str     0x00001079       0x2b HAL/RELAYs/COOLER/CoolerRelay_Program.o
                                0x2bf (size before relaxing)
 .debug_str     0x000010a4       0x2b HAL/RELAYs/HEATER/HeaterRelay_Program.o
                                0x2bf (size before relaxing)
 .debug_str     0x000010cf      0x16f HAL/TEMP_SENSOR/LM35/LM35_Program.o
                                0x328 (size before relaxing)
 .debug_str     0x0000123e       0x40 MCAL/ADC/ADC_Program.o
                                0x312 (size before relaxing)
 .debug_str     0x0000127e      0x128 MCAL/COMMUNICATION/I2C/TWI_Program.o
                                0x632 (size before relaxing)
 .debug_str     0x000013a6       0x57 MCAL/DIO/DIO_Program.o
                                0x2d4 (size before relaxing)
 .debug_str     0x000013fd       0x36 MCAL/INTERRUPT/Interrupts_Program.o
                                0x281 (size before relaxing)
 .debug_str     0x00001433      0x114 MCAL/TIMER/TIMER0/OVF/Timer0_OVF_Program.o
                                0x3a1 (size before relaxing)

.debug_loc      0x00000000     0x1771
 *(.debug_loc)
 .debug_loc     0x00000000      0x3f4 APP/WaterHeater/WaterHeater_Program.o
 .debug_loc     0x000003f4      0x7d7 HAL/DISPLAY/LCD/LCD_Program.o
 .debug_loc     0x00000bcb       0xd9 HAL/DISPLAY/SEVENSEGMENT/SEVSEG_Program.o
 .debug_loc     0x00000ca4      0x198 HAL/EEPROM_24C16N/EEPROM_24C16N_Program.o
 .debug_loc     0x00000e3c       0x5e HAL/TEMP_SENSOR/LM35/LM35_Program.o
 .debug_loc     0x00000e9a      0x191 MCAL/ADC/ADC_Program.o
 .debug_loc     0x0000102b      0x1b7 MCAL/COMMUNICATION/I2C/TWI_Program.o
 .debug_loc     0x000011e2      0x378 MCAL/DIO/DIO_Program.o
 .debug_loc     0x0000155a       0x53 MCAL/INTERRUPT/Interrupts_Program.o
 .debug_loc     0x000015ad      0x1c4 MCAL/TIMER/TIMER0/OVF/Timer0_OVF_Program.o

.debug_macinfo
 *(.debug_macinfo)

.debug_weaknames
 *(.debug_weaknames)

.debug_funcnames
 *(.debug_funcnames)

.debug_typenames
 *(.debug_typenames)

.debug_varnames
 *(.debug_varnames)

.debug_pubtypes
 *(.debug_pubtypes)

.debug_ranges   0x00000000      0x350
 *(.debug_ranges)
 .debug_ranges  0x00000000       0x10 APP/MAIN/Main.o
 .debug_ranges  0x00000010       0x70 APP/WaterHeater/WaterHeater_Program.o
 .debug_ranges  0x00000080       0x68 HAL/DISPLAY/LCD/LCD_Program.o
 .debug_ranges  0x000000e8       0x50 HAL/DISPLAY/SEVENSEGMENT/SEVSEG_Program.o
 .debug_ranges  0x00000138       0x20 HAL/EEPROM_24C16N/EEPROM_24C16N_Program.o
 .debug_ranges  0x00000158       0x28 HAL/LED/LED0/ON_LED_Program.o
 .debug_ranges  0x00000180       0x28 HAL/LED/LED1/HEATING_LED_Program.o
 .debug_ranges  0x000001a8       0x28 HAL/LED/LED2/COOLING_LED_Program.o
 .debug_ranges  0x000001d0       0x20 HAL/RELAYs/COOLER/CoolerRelay_Program.o
 .debug_ranges  0x000001f0       0x20 HAL/RELAYs/HEATER/HeaterRelay_Program.o
 .debug_ranges  0x00000210       0x18 HAL/TEMP_SENSOR/LM35/LM35_Program.o
 .debug_ranges  0x00000228       0x20 MCAL/ADC/ADC_Program.o
 .debug_ranges  0x00000248       0x78 MCAL/COMMUNICATION/I2C/TWI_Program.o
 .debug_ranges  0x000002c0       0x30 MCAL/DIO/DIO_Program.o
 .debug_ranges  0x000002f0       0x10 MCAL/INTERRUPT/Interrupts_Program.o
 .debug_ranges  0x00000300       0x50 MCAL/TIMER/TIMER0/OVF/Timer0_OVF_Program.o

.debug_macro
 *(.debug_macro)
OUTPUT(WaterHeater_FinalProject.elf elf32-avr)
LOAD linker stubs
